Archive member included to satisfy reference by file (symbol)

c:/st/stm32cubeide_1.7.0/stm32cubeide/plugins/com.st.stm32cube.ide.mcu.externaltools.gnu-tools-for-stm32.9-2020-q2-update.win32_2.0.0.202105311346/tools/bin/../lib/gcc/arm-none-eabi/9.3.1/../../../../arm-none-eabi/lib/thumb/v7e-m+fp/hard\libc_nano.a(lib_a-errno.o)
                              ./Core/Src/syscalls.o (__errno)
c:/st/stm32cubeide_1.7.0/stm32cubeide/plugins/com.st.stm32cube.ide.mcu.externaltools.gnu-tools-for-stm32.9-2020-q2-update.win32_2.0.0.202105311346/tools/bin/../lib/gcc/arm-none-eabi/9.3.1/../../../../arm-none-eabi/lib/thumb/v7e-m+fp/hard\libc_nano.a(lib_a-exit.o)
                              c:/st/stm32cubeide_1.7.0/stm32cubeide/plugins/com.st.stm32cube.ide.mcu.externaltools.gnu-tools-for-stm32.9-2020-q2-update.win32_2.0.0.202105311346/tools/bin/../lib/gcc/arm-none-eabi/9.3.1/../../../../arm-none-eabi/lib/thumb/v7e-m+fp/hard/crt0.o (exit)
c:/st/stm32cubeide_1.7.0/stm32cubeide/plugins/com.st.stm32cube.ide.mcu.externaltools.gnu-tools-for-stm32.9-2020-q2-update.win32_2.0.0.202105311346/tools/bin/../lib/gcc/arm-none-eabi/9.3.1/../../../../arm-none-eabi/lib/thumb/v7e-m+fp/hard\libc_nano.a(lib_a-impure.o)
                              c:/st/stm32cubeide_1.7.0/stm32cubeide/plugins/com.st.stm32cube.ide.mcu.externaltools.gnu-tools-for-stm32.9-2020-q2-update.win32_2.0.0.202105311346/tools/bin/../lib/gcc/arm-none-eabi/9.3.1/../../../../arm-none-eabi/lib/thumb/v7e-m+fp/hard\libc_nano.a(lib_a-exit.o) (_global_impure_ptr)
c:/st/stm32cubeide_1.7.0/stm32cubeide/plugins/com.st.stm32cube.ide.mcu.externaltools.gnu-tools-for-stm32.9-2020-q2-update.win32_2.0.0.202105311346/tools/bin/../lib/gcc/arm-none-eabi/9.3.1/../../../../arm-none-eabi/lib/thumb/v7e-m+fp/hard\libc_nano.a(lib_a-init.o)
                              c:/st/stm32cubeide_1.7.0/stm32cubeide/plugins/com.st.stm32cube.ide.mcu.externaltools.gnu-tools-for-stm32.9-2020-q2-update.win32_2.0.0.202105311346/tools/bin/../lib/gcc/arm-none-eabi/9.3.1/../../../../arm-none-eabi/lib/thumb/v7e-m+fp/hard/crt0.o (__libc_init_array)
c:/st/stm32cubeide_1.7.0/stm32cubeide/plugins/com.st.stm32cube.ide.mcu.externaltools.gnu-tools-for-stm32.9-2020-q2-update.win32_2.0.0.202105311346/tools/bin/../lib/gcc/arm-none-eabi/9.3.1/../../../../arm-none-eabi/lib/thumb/v7e-m+fp/hard\libc_nano.a(lib_a-memcpy-stub.o)
                              ./Middlewares/Third_Party/FreeRTOS/Source/CMSIS_RTOS_V2/cmsis_os2.o (memcpy)
c:/st/stm32cubeide_1.7.0/stm32cubeide/plugins/com.st.stm32cube.ide.mcu.externaltools.gnu-tools-for-stm32.9-2020-q2-update.win32_2.0.0.202105311346/tools/bin/../lib/gcc/arm-none-eabi/9.3.1/../../../../arm-none-eabi/lib/thumb/v7e-m+fp/hard\libc_nano.a(lib_a-memset.o)
                              c:/st/stm32cubeide_1.7.0/stm32cubeide/plugins/com.st.stm32cube.ide.mcu.externaltools.gnu-tools-for-stm32.9-2020-q2-update.win32_2.0.0.202105311346/tools/bin/../lib/gcc/arm-none-eabi/9.3.1/../../../../arm-none-eabi/lib/thumb/v7e-m+fp/hard/crt0.o (memset)

Allocating common symbols
Common symbol       size              file

defaultTaskHandle   0x4               ./Core/Src/freertos.o
hi2c2               0x4c              ./Core/Src/i2c.o
IMU                 0x20              ./Core/Src/main.o
uwTick              0x4               ./Drivers/STM32L4xx_HAL_Driver/Src/stm32l4xx_hal.o
xQueueRegistry      0x40              ./Middlewares/Third_Party/FreeRTOS/Source/queue.o
MAG                 0x14              ./Core/Src/main.o
MagIntSemaphore     0x4               ./Modules/Src/MLX90393.o

Discarded input sections

 .text          0x0000000000000000        0x0 c:/st/stm32cubeide_1.7.0/stm32cubeide/plugins/com.st.stm32cube.ide.mcu.externaltools.gnu-tools-for-stm32.9-2020-q2-update.win32_2.0.0.202105311346/tools/bin/../lib/gcc/arm-none-eabi/9.3.1/thumb/v7e-m+fp/hard/crti.o
 .data          0x0000000000000000        0x0 c:/st/stm32cubeide_1.7.0/stm32cubeide/plugins/com.st.stm32cube.ide.mcu.externaltools.gnu-tools-for-stm32.9-2020-q2-update.win32_2.0.0.202105311346/tools/bin/../lib/gcc/arm-none-eabi/9.3.1/thumb/v7e-m+fp/hard/crti.o
 .bss           0x0000000000000000        0x0 c:/st/stm32cubeide_1.7.0/stm32cubeide/plugins/com.st.stm32cube.ide.mcu.externaltools.gnu-tools-for-stm32.9-2020-q2-update.win32_2.0.0.202105311346/tools/bin/../lib/gcc/arm-none-eabi/9.3.1/thumb/v7e-m+fp/hard/crti.o
 .data          0x0000000000000000        0x4 c:/st/stm32cubeide_1.7.0/stm32cubeide/plugins/com.st.stm32cube.ide.mcu.externaltools.gnu-tools-for-stm32.9-2020-q2-update.win32_2.0.0.202105311346/tools/bin/../lib/gcc/arm-none-eabi/9.3.1/thumb/v7e-m+fp/hard/crtbegin.o
 .text          0x0000000000000000       0x7c c:/st/stm32cubeide_1.7.0/stm32cubeide/plugins/com.st.stm32cube.ide.mcu.externaltools.gnu-tools-for-stm32.9-2020-q2-update.win32_2.0.0.202105311346/tools/bin/../lib/gcc/arm-none-eabi/9.3.1/../../../../arm-none-eabi/lib/thumb/v7e-m+fp/hard/crt0.o
[...]
Memory Configuration

Name             Origin             Length             Attributes
RAM              0x0000000020000000 0x0000000000020000 xrw
RAM2             0x0000000010000000 0x0000000000008000 xrw
FLASH            0x0000000008000000 0x0000000000040000 xr
*default*        0x0000000000000000 0xffffffffffffffff

Linker script and memory map

LOAD c:/st/stm32cubeide_1.7.0/stm32cubeide/plugins/com.st.stm32cube.ide.mcu.externaltools.gnu-tools-for-stm32.9-2020-q2-update.win32_2.0.0.202105311346/tools/bin/../lib/gcc/arm-none-eabi/9.3.1/thumb/v7e-m+fp/hard/crti.o
LOAD c:/st/stm32cubeide_1.7.0/stm32cubeide/plugins/com.st.stm32cube.ide.mcu.externaltools.gnu-tools-for-stm32.9-2020-q2-update.win32_2.0.0.202105311346/tools/bin/../lib/gcc/arm-none-eabi/9.3.1/thumb/v7e-m+fp/hard/crtbegin.o
LOAD c:/st/stm32cubeide_1.7.0/stm32cubeide/plugins/com.st.stm32cube.ide.mcu.externaltools.gnu-tools-for-stm32.9-2020-q2-update.win32_2.0.0.202105311346/tools/bin/../lib/gcc/arm-none-eabi/9.3.1/../../../../arm-none-eabi/lib/thumb/v7e-m+fp/hard/crt0.o
LOAD ./Core/Src/freertos.o
LOAD ./Core/Src/gpio.o
LOAD ./Core/Src/i2c.o
LOAD ./Core/Src/main.o
LOAD ./Core/Src/stm32l4xx_hal_msp.o
LOAD ./Core/Src/stm32l4xx_it.o
LOAD ./Core/Src/syscalls.o
LOAD ./Core/Src/sysmem.o
LOAD ./Core/Src/system_stm32l4xx.o
LOAD ./Core/Startup/startup_stm32l451rctx.o
LOAD ./Drivers/STM32L4xx_HAL_Driver/Src/stm32l4xx_hal.o
LOAD ./Drivers/STM32L4xx_HAL_Driver/Src/stm32l4xx_hal_cortex.o
LOAD ./Drivers/STM32L4xx_HAL_Driver/Src/stm32l4xx_hal_dma.o
LOAD ./Drivers/STM32L4xx_HAL_Driver/Src/stm32l4xx_hal_dma_ex.o
LOAD ./Drivers/STM32L4xx_HAL_Driver/Src/stm32l4xx_hal_exti.o
LOAD ./Drivers/STM32L4xx_HAL_Driver/Src/stm32l4xx_hal_flash.o
LOAD ./Drivers/STM32L4xx_HAL_Driver/Src/stm32l4xx_hal_flash_ex.o
LOAD ./Drivers/STM32L4xx_HAL_Driver/Src/stm32l4xx_hal_flash_ramfunc.o
LOAD ./Drivers/STM32L4xx_HAL_Driver/Src/stm32l4xx_hal_gpio.o
LOAD ./Drivers/STM32L4xx_HAL_Driver/Src/stm32l4xx_hal_i2c.o
LOAD ./Drivers/STM32L4xx_HAL_Driver/Src/stm32l4xx_hal_i2c_ex.o
LOAD ./Drivers/STM32L4xx_HAL_Driver/Src/stm32l4xx_hal_pwr.o
LOAD ./Drivers/STM32L4xx_HAL_Driver/Src/stm32l4xx_hal_pwr_ex.o
LOAD ./Drivers/STM32L4xx_HAL_Driver/Src/stm32l4xx_hal_rcc.o
LOAD ./Drivers/STM32L4xx_HAL_Driver/Src/stm32l4xx_hal_rcc_ex.o
LOAD ./Drivers/STM32L4xx_HAL_Driver/Src/stm32l4xx_hal_tim.o
LOAD ./Drivers/STM32L4xx_HAL_Driver/Src/stm32l4xx_hal_tim_ex.o
LOAD ./Middlewares/Third_Party/FreeRTOS/Source/CMSIS_RTOS_V2/cmsis_os2.o
LOAD ./Middlewares/Third_Party/FreeRTOS/Source/croutine.o
LOAD ./Middlewares/Third_Party/FreeRTOS/Source/event_groups.o
LOAD ./Middlewares/Third_Party/FreeRTOS/Source/list.o
LOAD ./Middlewares/Third_Party/FreeRTOS/Source/queue.o
LOAD ./Middlewares/Third_Party/FreeRTOS/Source/stream_buffer.o
LOAD ./Middlewares/Third_Party/FreeRTOS/Source/tasks.o
LOAD ./Middlewares/Third_Party/FreeRTOS/Source/timers.o
LOAD ./Middlewares/Third_Party/FreeRTOS/Source/portable/GCC/ARM_CM4F/port.o
LOAD ./Middlewares/Third_Party/FreeRTOS/Source/portable/MemMang/heap_4.o
LOAD ./Modules/Src/IIM42652.o
LOAD ./Modules/Src/MLX90393.o
START GROUP
LOAD c:/st/stm32cubeide_1.7.0/stm32cubeide/plugins/com.st.stm32cube.ide.mcu.externaltools.gnu-tools-for-stm32.9-2020-q2-update.win32_2.0.0.202105311346/tools/bin/../lib/gcc/arm-none-eabi/9.3.1/../../../../arm-none-eabi/lib/thumb/v7e-m+fp/hard\libc_nano.a
LOAD c:/st/stm32cubeide_1.7.0/stm32cubeide/plugins/com.st.stm32cube.ide.mcu.externaltools.gnu-tools-for-stm32.9-2020-q2-update.win32_2.0.0.202105311346/tools/bin/../lib/gcc/arm-none-eabi/9.3.1/../../../../arm-none-eabi/lib/thumb/v7e-m+fp/hard\libm.a
END GROUP
START GROUP
LOAD c:/st/stm32cubeide_1.7.0/stm32cubeide/plugins/com.st.stm32cube.ide.mcu.externaltools.gnu-tools-for-stm32.9-2020-q2-update.win32_2.0.0.202105311346/tools/bin/../lib/gcc/arm-none-eabi/9.3.1/thumb/v7e-m+fp/hard\libgcc.a
LOAD c:/st/stm32cubeide_1.7.0/stm32cubeide/plugins/com.st.stm32cube.ide.mcu.externaltools.gnu-tools-for-stm32.9-2020-q2-update.win32_2.0.0.202105311346/tools/bin/../lib/gcc/arm-none-eabi/9.3.1/../../../../arm-none-eabi/lib/thumb/v7e-m+fp/hard\libc_nano.a
END GROUP
START GROUP
LOAD c:/st/stm32cubeide_1.7.0/stm32cubeide/plugins/com.st.stm32cube.ide.mcu.externaltools.gnu-tools-for-stm32.9-2020-q2-update.win32_2.0.0.202105311346/tools/bin/../lib/gcc/arm-none-eabi/9.3.1/thumb/v7e-m+fp/hard\libgcc.a
LOAD c:/st/stm32cubeide_1.7.0/stm32cubeide/plugins/com.st.stm32cube.ide.mcu.externaltools.gnu-tools-for-stm32.9-2020-q2-update.win32_2.0.0.202105311346/tools/bin/../lib/gcc/arm-none-eabi/9.3.1/../../../../arm-none-eabi/lib/thumb/v7e-m+fp/hard\libc_nano.a
LOAD c:/st/stm32cubeide_1.7.0/stm32cubeide/plugins/com.st.stm32cube.ide.mcu.externaltools.gnu-tools-for-stm32.9-2020-q2-update.win32_2.0.0.202105311346/tools/bin/../lib/gcc/arm-none-eabi/9.3.1/../../../../arm-none-eabi/lib/thumb/v7e-m+fp/hard\libnosys.a
END GROUP
START GROUP
LOAD c:/st/stm32cubeide_1.7.0/stm32cubeide/plugins/com.st.stm32cube.ide.mcu.externaltools.gnu-tools-for-stm32.9-2020-q2-update.win32_2.0.0.202105311346/tools/bin/../lib/gcc/arm-none-eabi/9.3.1/thumb/v7e-m+fp/hard\libgcc.a
LOAD c:/st/stm32cubeide_1.7.0/stm32cubeide/plugins/com.st.stm32cube.ide.mcu.externaltools.gnu-tools-for-stm32.9-2020-q2-update.win32_2.0.0.202105311346/tools/bin/../lib/gcc/arm-none-eabi/9.3.1/../../../../arm-none-eabi/lib/thumb/v7e-m+fp/hard\libc_nano.a
LOAD c:/st/stm32cubeide_1.7.0/stm32cubeide/plugins/com.st.stm32cube.ide.mcu.externaltools.gnu-tools-for-stm32.9-2020-q2-update.win32_2.0.0.202105311346/tools/bin/../lib/gcc/arm-none-eabi/9.3.1/../../../../arm-none-eabi/lib/thumb/v7e-m+fp/hard\libnosys.a
END GROUP
LOAD c:/st/stm32cubeide_1.7.0/stm32cubeide/plugins/com.st.stm32cube.ide.mcu.externaltools.gnu-tools-for-stm32.9-2020-q2-update.win32_2.0.0.202105311346/tools/bin/../lib/gcc/arm-none-eabi/9.3.1/thumb/v7e-m+fp/hard/crtend.o
LOAD c:/st/stm32cubeide_1.7.0/stm32cubeide/plugins/com.st.stm32cube.ide.mcu.externaltools.gnu-tools-for-stm32.9-2020-q2-update.win32_2.0.0.202105311346/tools/bin/../lib/gcc/arm-none-eabi/9.3.1/thumb/v7e-m+fp/hard/crtn.o
                0x0000000020020000                _estack = (ORIGIN (RAM) + LENGTH (RAM))
                0x0000000000000200                _Min_Heap_Size = 0x200
                0x0000000000000400                _Min_Stack_Size = 0x400

.isr_vector     0x0000000008000000      0x194
                0x0000000008000000                . = ALIGN (0x4)
 *(.isr_vector)
 .isr_vector    0x0000000008000000      0x194 ./Core/Startup/startup_stm32l451rctx.o
                0x0000000008000000                g_pfnVectors
                0x0000000008000194                . = ALIGN (0x4)

.text           0x00000000080001a0     0x61e4
                0x00000000080001a0                . = ALIGN (0x4)
 *(.text)
 .text          0x00000000080001a0       0x40 c:/st/stm32cubeide_1.7.0/stm32cubeide/plugins/com.st.stm32cube.ide.mcu.externaltools.gnu-tools-for-stm32.9-2020-q2-update.win32_2.0.0.202105311346/tools/bin/../lib/gcc/arm-none-eabi/9.3.1/thumb/v7e-m+fp/hard/crtbegin.o
 *(.text*)
 .text.MX_FREERTOS_Init
                0x00000000080001e0       0x24 ./Core/Src/freertos.o
                0x00000000080001e0                MX_FREERTOS_Init
 .text.StartDefaultTask
                0x0000000008000204       0x10 ./Core/Src/freertos.o
                0x0000000008000204                StartDefaultTask
 .text.MX_GPIO_Init
                0x0000000008000214       0xdc ./Core/Src/gpio.o
                0x0000000008000214                MX_GPIO_Init
 .text.enableIRQ
                0x00000000080002f0        0xe ./Core/Src/gpio.o
                0x00000000080002f0                enableIRQ
 .text.HAL_GPIO_EXTI_Callback
                0x00000000080002fe       0x1e ./Core/Src/gpio.o
                0x00000000080002fe                HAL_GPIO_EXTI_Callback
 .text.MX_I2C2_Init
                0x000000000800031c       0x80 ./Core/Src/i2c.o
                0x000000000800031c                MX_I2C2_Init
 .text.HAL_I2C_MspInit
                0x000000000800039c       0xb8 ./Core/Src/i2c.o
                0x000000000800039c                HAL_I2C_MspInit
 .text.taskLED  0x0000000008000454       0x64 ./Core/Src/main.o
                0x0000000008000454                taskLED
 .text.taskSensor
                0x00000000080004b8       0x50 ./Core/Src/main.o
                0x00000000080004b8                taskSensor
 .text.main     0x0000000008000508       0x68 ./Core/Src/main.o
                0x0000000008000508                main
 .text.SystemClock_Config
                0x0000000008000570       0x9e ./Core/Src/main.o
                0x0000000008000570                SystemClock_Config
 .text.Error_Handler
                0x000000000800060e        0xa ./Core/Src/main.o
                0x000000000800060e                Error_Handler
 .text.HAL_MspInit
                0x0000000008000618       0x50 ./Core/Src/stm32l4xx_hal_msp.o
                0x0000000008000618                HAL_MspInit
 .text.NMI_Handler
                0x0000000008000668        0x6 ./Core/Src/stm32l4xx_it.o
                0x0000000008000668                NMI_Handler
 .text.HardFault_Handler
                0x000000000800066e        0x6 ./Core/Src/stm32l4xx_it.o
                0x000000000800066e                HardFault_Handler
 .text.MemManage_Handler
                0x0000000008000674        0x6 ./Core/Src/stm32l4xx_it.o
                0x0000000008000674                MemManage_Handler
 .text.BusFault_Handler
                0x000000000800067a        0x6 ./Core/Src/stm32l4xx_it.o
                0x000000000800067a                BusFault_Handler
 .text.UsageFault_Handler
                0x0000000008000680        0x6 ./Core/Src/stm32l4xx_it.o
                0x0000000008000680                UsageFault_Handler
 .text.DebugMon_Handler
                0x0000000008000686        0xe ./Core/Src/stm32l4xx_it.o
                0x0000000008000686                DebugMon_Handler
 .text.SysTick_Handler
                0x0000000008000694       0x1a ./Core/Src/stm32l4xx_it.o
                0x0000000008000694                SysTick_Handler
 .text.EXTI15_10_IRQHandler
                0x00000000080006ae       0x10 ./Core/Src/stm32l4xx_it.o
                0x00000000080006ae                EXTI15_10_IRQHandler
 *fill*         0x00000000080006be        0x2 
 .text.SystemInit
                0x00000000080006c0       0x64 ./Core/Src/system_stm32l4xx.o
                0x00000000080006c0                SystemInit
 .text.Reset_Handler
                0x0000000008000724       0x50 ./Core/Startup/startup_stm32l451rctx.o
                0x0000000008000724                Reset_Handler
 .text.Default_Handler
                0x0000000008000774        0x2 ./Core/Startup/startup_stm32l451rctx.o
                0x0000000008000774                RTC_Alarm_IRQHandler
                0x0000000008000774                EXTI2_IRQHandler
                0x0000000008000774                TIM1_CC_IRQHandler
                0x0000000008000774                TSC_IRQHandler
                0x0000000008000774                TAMP_STAMP_IRQHandler
                0x0000000008000774                EXTI3_IRQHandler
                0x0000000008000774                LPTIM2_IRQHandler
                0x0000000008000774                DFSDM1_FLT1_IRQHandler
                0x0000000008000774                I2C3_ER_IRQHandler
                0x0000000008000774                EXTI0_IRQHandler
                0x0000000008000774                I2C2_EV_IRQHandler
                0x0000000008000774                CAN1_RX0_IRQHandler
                0x0000000008000774                FPU_IRQHandler
                0x0000000008000774                TIM1_UP_TIM16_IRQHandler
                0x0000000008000774                SPI1_IRQHandler
                0x0000000008000774                TIM6_DAC_IRQHandler
                0x0000000008000774                DMA2_Channel2_IRQHandler
                0x0000000008000774                DMA1_Channel4_IRQHandler
                0x0000000008000774                ADC1_IRQHandler
                0x0000000008000774                USART3_IRQHandler
                0x0000000008000774                DMA1_Channel7_IRQHandler
                0x0000000008000774                CAN1_RX1_IRQHandler
                0x0000000008000774                DMA2_Channel1_IRQHandler
                0x0000000008000774                QUADSPI_IRQHandler
                0x0000000008000774                I2C1_EV_IRQHandler
                0x0000000008000774                DMA1_Channel6_IRQHandler
                0x0000000008000774                UART4_IRQHandler
                0x0000000008000774                DMA2_Channel4_IRQHandler
                0x0000000008000774                TIM3_IRQHandler
                0x0000000008000774                RCC_IRQHandler
                0x0000000008000774                TIM1_TRG_COM_IRQHandler
                0x0000000008000774                DMA1_Channel1_IRQHandler
                0x0000000008000774                Default_Handler
                0x0000000008000774                DMA2_Channel7_IRQHandler
                0x0000000008000774                SDMMC1_IRQHandler
                0x0000000008000774                I2C3_EV_IRQHandler
                0x0000000008000774                EXTI9_5_IRQHandler
                0x0000000008000774                RTC_WKUP_IRQHandler
                0x0000000008000774                PVD_PVM_IRQHandler
                0x0000000008000774                SPI2_IRQHandler
                0x0000000008000774                CAN1_TX_IRQHandler
                0x0000000008000774                DMA2_Channel5_IRQHandler
                0x0000000008000774                CRS_IRQHandler
                0x0000000008000774                DMA1_Channel5_IRQHandler
                0x0000000008000774                EXTI4_IRQHandler
                0x0000000008000774                RNG_IRQHandler
                0x0000000008000774                DMA1_Channel3_IRQHandler
                0x0000000008000774                COMP_IRQHandler
                0x0000000008000774                WWDG_IRQHandler
                0x0000000008000774                I2C4_EV_IRQHandler
                0x0000000008000774                LPUART1_IRQHandler
                0x0000000008000774                DMA2_Channel6_IRQHandler
                0x0000000008000774                TIM2_IRQHandler
                0x0000000008000774                EXTI1_IRQHandler
                0x0000000008000774                USART2_IRQHandler
                0x0000000008000774                DFSDM1_FLT0_IRQHandler
                0x0000000008000774                I2C2_ER_IRQHandler
                0x0000000008000774                DMA1_Channel2_IRQHandler
                0x0000000008000774                CAN1_SCE_IRQHandler
                0x0000000008000774                FLASH_IRQHandler
                0x0000000008000774                USART1_IRQHandler
                0x0000000008000774                SPI3_IRQHandler
                0x0000000008000774                I2C1_ER_IRQHandler
                0x0000000008000774                LPTIM1_IRQHandler
                0x0000000008000774                I2C4_ER_IRQHandler
                0x0000000008000774                SAI1_IRQHandler
                0x0000000008000774                DMA2_Channel3_IRQHandler
                0x0000000008000774                TIM1_BRK_TIM15_IRQHandler
 .text.HAL_Init
                0x0000000008000776       0x30 ./Drivers/STM32L4xx_HAL_Driver/Src/stm32l4xx_hal.o
                0x0000000008000776                HAL_Init
 *fill*         0x00000000080007a6        0x2 
 .text.HAL_InitTick
                0x00000000080007a8       0x78 ./Drivers/STM32L4xx_HAL_Driver/Src/stm32l4xx_hal.o
                0x00000000080007a8                HAL_InitTick
 .text.HAL_IncTick
                0x0000000008000820       0x28 ./Drivers/STM32L4xx_HAL_Driver/Src/stm32l4xx_hal.o
                0x0000000008000820                HAL_IncTick
 .text.HAL_GetTick
                0x0000000008000848       0x18 ./Drivers/STM32L4xx_HAL_Driver/Src/stm32l4xx_hal.o
                0x0000000008000848                HAL_GetTick
 .text.HAL_Delay
                0x0000000008000860       0x48 ./Drivers/STM32L4xx_HAL_Driver/Src/stm32l4xx_hal.o
                0x0000000008000860                HAL_Delay
 .text.__NVIC_SetPriorityGrouping
                0x00000000080008a8       0x48 ./Drivers/STM32L4xx_HAL_Driver/Src/stm32l4xx_hal_cortex.o
 .text.__NVIC_GetPriorityGrouping
                0x00000000080008f0       0x1c ./Drivers/STM32L4xx_HAL_Driver/Src/stm32l4xx_hal_cortex.o
 .text.__NVIC_EnableIRQ
                0x000000000800090c       0x3c ./Drivers/STM32L4xx_HAL_Driver/Src/stm32l4xx_hal_cortex.o
 .text.__NVIC_SetPriority
                0x0000000008000948       0x54 ./Drivers/STM32L4xx_HAL_Driver/Src/stm32l4xx_hal_cortex.o
 .text.NVIC_EncodePriority
                0x000000000800099c       0x66 ./Drivers/STM32L4xx_HAL_Driver/Src/stm32l4xx_hal_cortex.o
 *fill*         0x0000000008000a02        0x2 
 .text.SysTick_Config
                0x0000000008000a04       0x44 ./Drivers/STM32L4xx_HAL_Driver/Src/stm32l4xx_hal_cortex.o
 .text.HAL_NVIC_SetPriorityGrouping
                0x0000000008000a48       0x16 ./Drivers/STM32L4xx_HAL_Driver/Src/stm32l4xx_hal_cortex.o
                0x0000000008000a48                HAL_NVIC_SetPriorityGrouping
 .text.HAL_NVIC_SetPriority
                0x0000000008000a5e       0x38 ./Drivers/STM32L4xx_HAL_Driver/Src/stm32l4xx_hal_cortex.o
                0x0000000008000a5e                HAL_NVIC_SetPriority
 .text.HAL_NVIC_EnableIRQ
                0x0000000008000a96       0x1c ./Drivers/STM32L4xx_HAL_Driver/Src/stm32l4xx_hal_cortex.o
                0x0000000008000a96                HAL_NVIC_EnableIRQ
 .text.HAL_SYSTICK_Config
                0x0000000008000ab2       0x18 ./Drivers/STM32L4xx_HAL_Driver/Src/stm32l4xx_hal_cortex.o
                0x0000000008000ab2                HAL_SYSTICK_Config
 *fill*         0x0000000008000aca        0x2 
 .text.HAL_GPIO_Init
                0x0000000008000acc      0x2f4 ./Drivers/STM32L4xx_HAL_Driver/Src/stm32l4xx_hal_gpio.o
                0x0000000008000acc                HAL_GPIO_Init
 .text.HAL_GPIO_WritePin
                0x0000000008000dc0       0x30 ./Drivers/STM32L4xx_HAL_Driver/Src/stm32l4xx_hal_gpio.o
                0x0000000008000dc0                HAL_GPIO_WritePin
 .text.HAL_GPIO_EXTI_IRQHandler
                0x0000000008000df0       0x30 ./Drivers/STM32L4xx_HAL_Driver/Src/stm32l4xx_hal_gpio.o
                0x0000000008000df0                HAL_GPIO_EXTI_IRQHandler
 .text.HAL_I2C_Init
                0x0000000008000e20      0x11e ./Drivers/STM32L4xx_HAL_Driver/Src/stm32l4xx_hal_i2c.o
                0x0000000008000e20                HAL_I2C_Init
 *fill*         0x0000000008000f3e        0x2 
 .text.HAL_I2C_Master_Transmit
                0x0000000008000f40      0x1e8 ./Drivers/STM32L4xx_HAL_Driver/Src/stm32l4xx_hal_i2c.o
                0x0000000008000f40                HAL_I2C_Master_Transmit
 .text.HAL_I2C_Master_Receive
                0x0000000008001128      0x1ec ./Drivers/STM32L4xx_HAL_Driver/Src/stm32l4xx_hal_i2c.o
                0x0000000008001128                HAL_I2C_Master_Receive
 .text.HAL_I2C_Mem_Read
                0x0000000008001314      0x234 ./Drivers/STM32L4xx_HAL_Driver/Src/stm32l4xx_hal_i2c.o
                0x0000000008001314                HAL_I2C_Mem_Read
 .text.I2C_RequestMemoryRead
                0x0000000008001548       0xa8 ./Drivers/STM32L4xx_HAL_Driver/Src/stm32l4xx_hal_i2c.o
 .text.I2C_Flush_TXDR
                0x00000000080015f0       0x48 ./Drivers/STM32L4xx_HAL_Driver/Src/stm32l4xx_hal_i2c.o
 .text.I2C_WaitOnFlagUntilTimeout
                0x0000000008001638       0x80 ./Drivers/STM32L4xx_HAL_Driver/Src/stm32l4xx_hal_i2c.o
 .text.I2C_WaitOnTXISFlagUntilTimeout
                0x00000000080016b8       0x80 ./Drivers/STM32L4xx_HAL_Driver/Src/stm32l4xx_hal_i2c.o
 .text.I2C_WaitOnSTOPFlagUntilTimeout
                0x0000000008001738       0x78 ./Drivers/STM32L4xx_HAL_Driver/Src/stm32l4xx_hal_i2c.o
 .text.I2C_WaitOnRXNEFlagUntilTimeout
                0x00000000080017b0       0xd8 ./Drivers/STM32L4xx_HAL_Driver/Src/stm32l4xx_hal_i2c.o
 .text.I2C_IsAcknowledgeFailed
                0x0000000008001888       0xcc ./Drivers/STM32L4xx_HAL_Driver/Src/stm32l4xx_hal_i2c.o
 .text.I2C_TransferConfig
                0x0000000008001954       0x5c ./Drivers/STM32L4xx_HAL_Driver/Src/stm32l4xx_hal_i2c.o
 .text.HAL_I2CEx_ConfigAnalogFilter
                0x00000000080019b0       0x96 ./Drivers/STM32L4xx_HAL_Driver/Src/stm32l4xx_hal_i2c_ex.o
                0x00000000080019b0                HAL_I2CEx_ConfigAnalogFilter
 .text.HAL_I2CEx_ConfigDigitalFilter
                0x0000000008001a46       0x98 ./Drivers/STM32L4xx_HAL_Driver/Src/stm32l4xx_hal_i2c_ex.o
                0x0000000008001a46                HAL_I2CEx_ConfigDigitalFilter
 *fill*         0x0000000008001ade        0x2 
 .text.HAL_PWREx_GetVoltageRange
                0x0000000008001ae0       0x1c ./Drivers/STM32L4xx_HAL_Driver/Src/stm32l4xx_hal_pwr_ex.o
                0x0000000008001ae0                HAL_PWREx_GetVoltageRange
 .text.HAL_PWREx_ControlVoltageScaling
                0x0000000008001afc       0xac ./Drivers/STM32L4xx_HAL_Driver/Src/stm32l4xx_hal_pwr_ex.o
                0x0000000008001afc                HAL_PWREx_ControlVoltageScaling
 .text.HAL_RCC_OscConfig
                0x0000000008001ba8      0x840 ./Drivers/STM32L4xx_HAL_Driver/Src/stm32l4xx_hal_rcc.o
                0x0000000008001ba8                HAL_RCC_OscConfig
 .text.HAL_RCC_ClockConfig
                0x00000000080023e8      0x1c4 ./Drivers/STM32L4xx_HAL_Driver/Src/stm32l4xx_hal_rcc.o
                0x00000000080023e8                HAL_RCC_ClockConfig
 .text.HAL_RCC_GetSysClockFreq
                0x00000000080025ac      0x118 ./Drivers/STM32L4xx_HAL_Driver/Src/stm32l4xx_hal_rcc.o
                0x00000000080025ac                HAL_RCC_GetSysClockFreq
 .text.RCC_SetFlashLatencyFromMSIRange
                0x00000000080026c4       0xc0 ./Drivers/STM32L4xx_HAL_Driver/Src/stm32l4xx_hal_rcc.o
 .text.HAL_RCCEx_PeriphCLKConfig
                0x0000000008002784      0x474 ./Drivers/STM32L4xx_HAL_Driver/Src/stm32l4xx_hal_rcc_ex.o
                0x0000000008002784                HAL_RCCEx_PeriphCLKConfig
 .text.RCCEx_PLLSAI1_Config
                0x0000000008002bf8      0x1e4 ./Drivers/STM32L4xx_HAL_Driver/Src/stm32l4xx_hal_rcc_ex.o
 .text.__NVIC_SetPriority
                0x0000000008002ddc       0x54 ./Middlewares/Third_Party/FreeRTOS/Source/CMSIS_RTOS_V2/cmsis_os2.o
 .text.SVC_Setup
                0x0000000008002e30       0x12 ./Middlewares/Third_Party/FreeRTOS/Source/CMSIS_RTOS_V2/cmsis_os2.o
 *fill*         0x0000000008002e42        0x2 
 .text.osKernelInitialize
                0x0000000008002e44       0x48 ./Middlewares/Third_Party/FreeRTOS/Source/CMSIS_RTOS_V2/cmsis_os2.o
                0x0000000008002e44                osKernelInitialize
 .text.osKernelStart
                0x0000000008002e8c       0x4c ./Middlewares/Third_Party/FreeRTOS/Source/CMSIS_RTOS_V2/cmsis_os2.o
                0x0000000008002e8c                osKernelStart
 .text.osThreadNew
                0x0000000008002ed8      0x124 ./Middlewares/Third_Party/FreeRTOS/Source/CMSIS_RTOS_V2/cmsis_os2.o
                0x0000000008002ed8                osThreadNew
 .text.osDelay  0x0000000008002ffc       0x36 ./Middlewares/Third_Party/FreeRTOS/Source/CMSIS_RTOS_V2/cmsis_os2.o
                0x0000000008002ffc                osDelay
 *fill*         0x0000000008003032        0x2 
 .text.vApplicationGetIdleTaskMemory
                0x0000000008003034       0x34 ./Middlewares/Third_Party/FreeRTOS/Source/CMSIS_RTOS_V2/cmsis_os2.o
                0x0000000008003034                vApplicationGetIdleTaskMemory
 .text.vApplicationGetTimerTaskMemory
                0x0000000008003068       0x34 ./Middlewares/Third_Party/FreeRTOS/Source/CMSIS_RTOS_V2/cmsis_os2.o
                0x0000000008003068                vApplicationGetTimerTaskMemory
 .text.vListInitialise
                0x000000000800309c       0x40 ./Middlewares/Third_Party/FreeRTOS/Source/list.o
                0x000000000800309c                vListInitialise
 .text.vListInitialiseItem
                0x00000000080030dc       0x1a ./Middlewares/Third_Party/FreeRTOS/Source/list.o
                0x00000000080030dc                vListInitialiseItem
 .text.vListInsertEnd
                0x00000000080030f6       0x48 ./Middlewares/Third_Party/FreeRTOS/Source/list.o
                0x00000000080030f6                vListInsertEnd
 .text.vListInsert
                0x000000000800313e       0x72 ./Middlewares/Third_Party/FreeRTOS/Source/list.o
                0x000000000800313e                vListInsert
 .text.uxListRemove
                0x00000000080031b0       0x54 ./Middlewares/Third_Party/FreeRTOS/Source/list.o
                0x00000000080031b0                uxListRemove
 .text.xQueueGenericReset
                0x0000000008003204       0xd0 ./Middlewares/Third_Party/FreeRTOS/Source/queue.o
                0x0000000008003204                xQueueGenericReset
 .text.xQueueGenericCreateStatic
                0x00000000080032d4       0xf0 ./Middlewares/Third_Party/FreeRTOS/Source/queue.o
                0x00000000080032d4                xQueueGenericCreateStatic
 .text.xQueueGenericCreate
                0x00000000080033c4       0x74 ./Middlewares/Third_Party/FreeRTOS/Source/queue.o
                0x00000000080033c4                xQueueGenericCreate
 .text.prvInitialiseNewQueue
                0x0000000008003438       0x46 ./Middlewares/Third_Party/FreeRTOS/Source/queue.o
 *fill*         0x000000000800347e        0x2 
 .text.xQueueGenericSend
                0x0000000008003480      0x1fc ./Middlewares/Third_Party/FreeRTOS/Source/queue.o
                0x0000000008003480                xQueueGenericSend
 .text.xQueueGenericSendFromISR
                0x000000000800367c      0x136 ./Middlewares/Third_Party/FreeRTOS/Source/queue.o
                0x000000000800367c                xQueueGenericSendFromISR
 .text.xQueueGiveFromISR
                0x00000000080037b2      0x11a ./Middlewares/Third_Party/FreeRTOS/Source/queue.o
                0x00000000080037b2                xQueueGiveFromISR
 .text.xQueueReceive
                0x00000000080038cc      0x1c0 ./Middlewares/Third_Party/FreeRTOS/Source/queue.o
                0x00000000080038cc                xQueueReceive
 .text.xQueueSemaphoreTake
                0x0000000008003a8c      0x218 ./Middlewares/Third_Party/FreeRTOS/Source/queue.o
                0x0000000008003a8c                xQueueSemaphoreTake
 .text.prvGetDisinheritPriorityAfterTimeout
                0x0000000008003ca4       0x30 ./Middlewares/Third_Party/FreeRTOS/Source/queue.o
 .text.prvCopyDataToQueue
                0x0000000008003cd4       0xd4 ./Middlewares/Third_Party/FreeRTOS/Source/queue.o
 .text.prvCopyDataFromQueue
                0x0000000008003da8       0x4c ./Middlewares/Third_Party/FreeRTOS/Source/queue.o
 .text.prvUnlockQueue
                0x0000000008003df4       0xa4 ./Middlewares/Third_Party/FreeRTOS/Source/queue.o
 .text.prvIsQueueEmpty
                0x0000000008003e98       0x2c ./Middlewares/Third_Party/FreeRTOS/Source/queue.o
 .text.prvIsQueueFull
                0x0000000008003ec4       0x30 ./Middlewares/Third_Party/FreeRTOS/Source/queue.o
 .text.vQueueAddToRegistry
                0x0000000008003ef4       0x54 ./Middlewares/Third_Party/FreeRTOS/Source/queue.o
                0x0000000008003ef4                vQueueAddToRegistry
 .text.vQueueWaitForMessageRestricted
                0x0000000008003f48       0x68 ./Middlewares/Third_Party/FreeRTOS/Source/queue.o
                0x0000000008003f48                vQueueWaitForMessageRestricted
 .text.xTaskCreateStatic
                0x0000000008003fb0       0xba ./Middlewares/Third_Party/FreeRTOS/Source/tasks.o
                0x0000000008003fb0                xTaskCreateStatic
 .text.xTaskCreate
                0x000000000800406a       0x8a ./Middlewares/Third_Party/FreeRTOS/Source/tasks.o
                0x000000000800406a                xTaskCreate
 .text.prvInitialiseNewTask
                0x00000000080040f4      0x11e ./Middlewares/Third_Party/FreeRTOS/Source/tasks.o
 *fill*         0x0000000008004212        0x2 
 .text.prvAddNewTaskToReadyList
                0x0000000008004214       0xe0 ./Middlewares/Third_Party/FreeRTOS/Source/tasks.o
 .text.vTaskDelay
                0x00000000080042f4       0x68 ./Middlewares/Third_Party/FreeRTOS/Source/tasks.o
                0x00000000080042f4                vTaskDelay
 .text.vTaskStartScheduler
                0x000000000800435c       0xcc ./Middlewares/Third_Party/FreeRTOS/Source/tasks.o
                0x000000000800435c                vTaskStartScheduler
 .text.vTaskSuspendAll
                0x0000000008004428       0x1c ./Middlewares/Third_Party/FreeRTOS/Source/tasks.o
                0x0000000008004428                vTaskSuspendAll
 .text.xTaskResumeAll
                0x0000000008004444      0x13c ./Middlewares/Third_Party/FreeRTOS/Source/tasks.o
                0x0000000008004444                xTaskResumeAll
 .text.xTaskGetTickCount
                0x0000000008004580       0x20 ./Middlewares/Third_Party/FreeRTOS/Source/tasks.o
                0x0000000008004580                xTaskGetTickCount
 .text.xTaskIncrementTick
                0x00000000080045a0      0x174 ./Middlewares/Third_Party/FreeRTOS/Source/tasks.o
                0x00000000080045a0                xTaskIncrementTick
 .text.vTaskSwitchContext
                0x0000000008004714       0xbc ./Middlewares/Third_Party/FreeRTOS/Source/tasks.o
                0x0000000008004714                vTaskSwitchContext
 .text.vTaskPlaceOnEventList
                0x00000000080047d0       0x48 ./Middlewares/Third_Party/FreeRTOS/Source/tasks.o
                0x00000000080047d0                vTaskPlaceOnEventList
 .text.vTaskPlaceOnEventListRestricted
                0x0000000008004818       0x58 ./Middlewares/Third_Party/FreeRTOS/Source/tasks.o
                0x0000000008004818                vTaskPlaceOnEventListRestricted
 .text.xTaskRemoveFromEventList
                0x0000000008004870       0xc8 ./Middlewares/Third_Party/FreeRTOS/Source/tasks.o
                0x0000000008004870                xTaskRemoveFromEventList
 .text.vTaskInternalSetTimeOutState
                0x0000000008004938       0x2c ./Middlewares/Third_Party/FreeRTOS/Source/tasks.o
                0x0000000008004938                vTaskInternalSetTimeOutState
 .text.xTaskCheckForTimeOut
                0x0000000008004964       0xc4 ./Middlewares/Third_Party/FreeRTOS/Source/tasks.o
                0x0000000008004964                xTaskCheckForTimeOut
 .text.vTaskMissedYield
                0x0000000008004a28       0x18 ./Middlewares/Third_Party/FreeRTOS/Source/tasks.o
                0x0000000008004a28                vTaskMissedYield
 .text.prvIdleTask
                0x0000000008004a40       0x30 ./Middlewares/Third_Party/FreeRTOS/Source/tasks.o
 .text.prvInitialiseTaskLists
                0x0000000008004a70       0x80 ./Middlewares/Third_Party/FreeRTOS/Source/tasks.o
 .text.prvCheckTasksWaitingTermination
                0x0000000008004af0       0x5c ./Middlewares/Third_Party/FreeRTOS/Source/tasks.o
 .text.prvDeleteTCB
                0x0000000008004b4c       0x5e ./Middlewares/Third_Party/FreeRTOS/Source/tasks.o
 *fill*         0x0000000008004baa        0x2 
 .text.prvResetNextTaskUnblockTime
                0x0000000008004bac       0x40 ./Middlewares/Third_Party/FreeRTOS/Source/tasks.o
 .text.xTaskGetSchedulerState
                0x0000000008004bec       0x3c ./Middlewares/Third_Party/FreeRTOS/Source/tasks.o
                0x0000000008004bec                xTaskGetSchedulerState
 .text.xTaskPriorityInherit
                0x0000000008004c28       0xd0 ./Middlewares/Third_Party/FreeRTOS/Source/tasks.o
                0x0000000008004c28                xTaskPriorityInherit
 .text.xTaskPriorityDisinherit
                0x0000000008004cf8       0xdc ./Middlewares/Third_Party/FreeRTOS/Source/tasks.o
                0x0000000008004cf8                xTaskPriorityDisinherit
 .text.vTaskPriorityDisinheritAfterTimeout
                0x0000000008004dd4      0x104 ./Middlewares/Third_Party/FreeRTOS/Source/tasks.o
                0x0000000008004dd4                vTaskPriorityDisinheritAfterTimeout
 .text.pvTaskIncrementMutexHeldCount
                0x0000000008004ed8       0x28 ./Middlewares/Third_Party/FreeRTOS/Source/tasks.o
                0x0000000008004ed8                pvTaskIncrementMutexHeldCount
 .text.prvAddCurrentTaskToDelayedList
                0x0000000008004f00       0xa8 ./Middlewares/Third_Party/FreeRTOS/Source/tasks.o
 .text.xTimerCreateTimerTask
                0x0000000008004fa8       0x90 ./Middlewares/Third_Party/FreeRTOS/Source/timers.o
                0x0000000008004fa8                xTimerCreateTimerTask
 .text.xTimerGenericCommand
                0x0000000008005038       0x9c ./Middlewares/Third_Party/FreeRTOS/Source/timers.o
                0x0000000008005038                xTimerGenericCommand
 .text.prvProcessExpiredTimer
                0x00000000080050d4       0x98 ./Middlewares/Third_Party/FreeRTOS/Source/timers.o
 .text.prvTimerTask
                0x000000000800516c       0x24 ./Middlewares/Third_Party/FreeRTOS/Source/timers.o
 .text.prvProcessTimerOrBlockTask
                0x0000000008005190       0x9c ./Middlewares/Third_Party/FreeRTOS/Source/timers.o
 .text.prvGetNextExpireTime
                0x000000000800522c       0x48 ./Middlewares/Third_Party/FreeRTOS/Source/timers.o
 .text.prvSampleTimeNow
                0x0000000008005274       0x40 ./Middlewares/Third_Party/FreeRTOS/Source/timers.o
 .text.prvInsertTimerInActiveList
                0x00000000080052b4       0x84 ./Middlewares/Third_Party/FreeRTOS/Source/timers.o
 .text.prvProcessReceivedCommands
                0x0000000008005338      0x1c4 ./Middlewares/Third_Party/FreeRTOS/Source/timers.o
 .text.prvSwitchTimerLists
                0x00000000080054fc       0xc8 ./Middlewares/Third_Party/FreeRTOS/Source/timers.o
 .text.prvCheckForValidListAndQueue
                0x00000000080055c4       0x80 ./Middlewares/Third_Party/FreeRTOS/Source/timers.o
 .text.pxPortInitialiseStack
                0x0000000008005644       0x68 ./Middlewares/Third_Party/FreeRTOS/Source/portable/GCC/ARM_CM4F/port.o
                0x0000000008005644                pxPortInitialiseStack
 .text.prvTaskExitError
                0x00000000080056ac       0x58 ./Middlewares/Third_Party/FreeRTOS/Source/portable/GCC/ARM_CM4F/port.o
 *fill*         0x0000000008005704        0xc 
 .text.SVC_Handler
                0x0000000008005710       0x28 ./Middlewares/Third_Party/FreeRTOS/Source/portable/GCC/ARM_CM4F/port.o
                0x0000000008005710                SVC_Handler
 .text.prvPortStartFirstTask
                0x0000000008005738       0x28 ./Middlewares/Third_Party/FreeRTOS/Source/portable/GCC/ARM_CM4F/port.o
 .text.xPortStartScheduler
                0x0000000008005760      0x144 ./Middlewares/Third_Party/FreeRTOS/Source/portable/GCC/ARM_CM4F/port.o
                0x0000000008005760                xPortStartScheduler
 .text.vPortEnterCritical
                0x00000000080058a4       0x60 ./Middlewares/Third_Party/FreeRTOS/Source/portable/GCC/ARM_CM4F/port.o
                0x00000000080058a4                vPortEnterCritical
 .text.vPortExitCritical
                0x0000000008005904       0x54 ./Middlewares/Third_Party/FreeRTOS/Source/portable/GCC/ARM_CM4F/port.o
                0x0000000008005904                vPortExitCritical
 *fill*         0x0000000008005958        0x8 
 .text.PendSV_Handler
                0x0000000008005960       0x68 ./Middlewares/Third_Party/FreeRTOS/Source/portable/GCC/ARM_CM4F/port.o
                0x0000000008005960                PendSV_Handler
 .text.xPortSysTickHandler
                0x00000000080059c8       0x44 ./Middlewares/Third_Party/FreeRTOS/Source/portable/GCC/ARM_CM4F/port.o
                0x00000000080059c8                xPortSysTickHandler
 .text.vPortSetupTimerInterrupt
                0x0000000008005a0c       0x48 ./Middlewares/Third_Party/FreeRTOS/Source/portable/GCC/ARM_CM4F/port.o
                0x0000000008005a0c                vPortSetupTimerInterrupt
 .text.vPortEnableVFP
                0x0000000008005a54       0x14 ./Middlewares/Third_Party/FreeRTOS/Source/portable/GCC/ARM_CM4F/port.o
 .text.vPortValidateInterruptPriority
                0x0000000008005a68       0x80 ./Middlewares/Third_Party/FreeRTOS/Source/portable/GCC/ARM_CM4F/port.o
                0x0000000008005a68                vPortValidateInterruptPriority
 .text.pvPortMalloc
                0x0000000008005ae8      0x198 ./Middlewares/Third_Party/FreeRTOS/Source/portable/MemMang/heap_4.o
                0x0000000008005ae8                pvPortMalloc
 .text.vPortFree
                0x0000000008005c80       0xc4 ./Middlewares/Third_Party/FreeRTOS/Source/portable/MemMang/heap_4.o
                0x0000000008005c80                vPortFree
 .text.prvHeapInit
                0x0000000008005d44       0xc4 ./Middlewares/Third_Party/FreeRTOS/Source/portable/MemMang/heap_4.o
 .text.prvInsertBlockIntoFreeList
                0x0000000008005e08       0xb4 ./Middlewares/Third_Party/FreeRTOS/Source/portable/MemMang/heap_4.o
 .text.IIM42652_ReadRegister
                0x0000000008005ebc       0x36 ./Modules/Src/IIM42652.o
                0x0000000008005ebc                IIM42652_ReadRegister
 .text.IIM42652_Init
                0x0000000008005ef2       0x86 ./Modules/Src/IIM42652.o
                0x0000000008005ef2                IIM42652_Init
 .text.sendI2C  0x0000000008005f78       0x5a ./Modules/Src/MLX90393.o
                0x0000000008005f78                sendI2C
 .text.MLX90393_SB
                0x0000000008005fd2       0x52 ./Modules/Src/MLX90393.o
                0x0000000008005fd2                MLX90393_SB
 .text.MLX90393_RM
                0x0000000008006024       0x58 ./Modules/Src/MLX90393.o
                0x0000000008006024                MLX90393_RM
 .text.MLX90393_WR
                0x000000000800607c       0x5c ./Modules/Src/MLX90393.o
                0x000000000800607c                MLX90393_WR
 .text.MLX90393_RT
                0x00000000080060d8       0x38 ./Modules/Src/MLX90393.o
                0x00000000080060d8                MLX90393_RT
 .text.MLX90393_Init
                0x0000000008006110      0x108 ./Modules/Src/MLX90393.o
                0x0000000008006110                MLX90393_Init
 .text.MLX90393_ReadMeasurementAxisAll
                0x0000000008006218       0x90 ./Modules/Src/MLX90393.o
                0x0000000008006218                MLX90393_ReadMeasurementAxisAll
 .text.MLX90393_DRDYCallback
                0x00000000080062a8       0x50 ./Modules/Src/MLX90393.o
                0x00000000080062a8                MLX90393_DRDYCallback
 .text.__libc_init_array
                0x00000000080062f8       0x48 c:/st/stm32cubeide_1.7.0/stm32cubeide/plugins/com.st.stm32cube.ide.mcu.externaltools.gnu-tools-for-stm32.9-2020-q2-update.win32_2.0.0.202105311346/tools/bin/../lib/gcc/arm-none-eabi/9.3.1/../../../../arm-none-eabi/lib/thumb/v7e-m+fp/hard\libc_nano.a(lib_a-init.o)
                0x00000000080062f8                __libc_init_array
 .text.memcpy   0x0000000008006340       0x1c c:/st/stm32cubeide_1.7.0/stm32cubeide/plugins/com.st.stm32cube.ide.mcu.externaltools.gnu-tools-for-stm32.9-2020-q2-update.win32_2.0.0.202105311346/tools/bin/../lib/gcc/arm-none-eabi/9.3.1/../../../../arm-none-eabi/lib/thumb/v7e-m+fp/hard\libc_nano.a(lib_a-memcpy-stub.o)
                0x0000000008006340                memcpy
 .text.memset   0x000000000800635c       0x10 c:/st/stm32cubeide_1.7.0/stm32cubeide/plugins/com.st.stm32cube.ide.mcu.externaltools.gnu-tools-for-stm32.9-2020-q2-update.win32_2.0.0.202105311346/tools/bin/../lib/gcc/arm-none-eabi/9.3.1/../../../../arm-none-eabi/lib/thumb/v7e-m+fp/hard\libc_nano.a(lib_a-memset.o)
                0x000000000800635c                memset
 *(.glue_7)
 .glue_7        0x000000000800636c        0x0 linker stubs
 *(.glue_7t)
 .glue_7t       0x000000000800636c        0x0 linker stubs
 *(.eh_frame)
 .eh_frame      0x000000000800636c        0x0 c:/st/stm32cubeide_1.7.0/stm32cubeide/plugins/com.st.stm32cube.ide.mcu.externaltools.gnu-tools-for-stm32.9-2020-q2-update.win32_2.0.0.202105311346/tools/bin/../lib/gcc/arm-none-eabi/9.3.1/thumb/v7e-m+fp/hard/crtbegin.o
 *(.init)
 .init          0x000000000800636c        0x4 c:/st/stm32cubeide_1.7.0/stm32cubeide/plugins/com.st.stm32cube.ide.mcu.externaltools.gnu-tools-for-stm32.9-2020-q2-update.win32_2.0.0.202105311346/tools/bin/../lib/gcc/arm-none-eabi/9.3.1/thumb/v7e-m+fp/hard/crti.o
                0x000000000800636c                _init
 .init          0x0000000008006370        0x8 c:/st/stm32cubeide_1.7.0/stm32cubeide/plugins/com.st.stm32cube.ide.mcu.externaltools.gnu-tools-for-stm32.9-2020-q2-update.win32_2.0.0.202105311346/tools/bin/../lib/gcc/arm-none-eabi/9.3.1/thumb/v7e-m+fp/hard/crtn.o
 *(.fini)
 .fini          0x0000000008006378        0x4 c:/st/stm32cubeide_1.7.0/stm32cubeide/plugins/com.st.stm32cube.ide.mcu.externaltools.gnu-tools-for-stm32.9-2020-q2-update.win32_2.0.0.202105311346/tools/bin/../lib/gcc/arm-none-eabi/9.3.1/thumb/v7e-m+fp/hard/crti.o
                0x0000000008006378                _fini
 .fini          0x000000000800637c        0x8 c:/st/stm32cubeide_1.7.0/stm32cubeide/plugins/com.st.stm32cube.ide.mcu.externaltools.gnu-tools-for-stm32.9-2020-q2-update.win32_2.0.0.202105311346/tools/bin/../lib/gcc/arm-none-eabi/9.3.1/thumb/v7e-m+fp/hard/crtn.o
                0x0000000008006384                . = ALIGN (0x4)
                0x0000000008006384                _etext = .

.vfp11_veneer   0x0000000008006384        0x0
 .vfp11_veneer  0x0000000008006384        0x0 linker stubs

.v4_bx          0x0000000008006384        0x0
 .v4_bx         0x0000000008006384        0x0 linker stubs

.iplt           0x0000000008006384        0x0
 .iplt          0x0000000008006384        0x0 c:/st/stm32cubeide_1.7.0/stm32cubeide/plugins/com.st.stm32cube.ide.mcu.externaltools.gnu-tools-for-stm32.9-2020-q2-update.win32_2.0.0.202105311346/tools/bin/../lib/gcc/arm-none-eabi/9.3.1/thumb/v7e-m+fp/hard/crtbegin.o

.rodata         0x0000000008006384       0x98
                0x0000000008006384                . = ALIGN (0x4)
 *(.rodata)
 .rodata        0x0000000008006384        0xc ./Core/Src/freertos.o
 .rodata        0x0000000008006390        0xf ./Core/Src/main.o
 *fill*         0x000000000800639f        0x1 
 .rodata        0x00000000080063a0        0x5 ./Middlewares/Third_Party/FreeRTOS/Source/tasks.o
 *fill*         0x00000000080063a5        0x3 
 .rodata        0x00000000080063a8        0xd ./Middlewares/Third_Party/FreeRTOS/Source/timers.o
 *(.rodata*)
 *fill*         0x00000000080063b5        0x3 
 .rodata.defaultTask_attributes
                0x00000000080063b8       0x24 ./Core/Src/freertos.o
                0x00000000080063b8                defaultTask_attributes
 .rodata.AHBPrescTable
                0x00000000080063dc       0x10 ./Core/Src/system_stm32l4xx.o
                0x00000000080063dc                AHBPrescTable
 .rodata.MSIRangeTable
                0x00000000080063ec       0x30 ./Core/Src/system_stm32l4xx.o
                0x00000000080063ec                MSIRangeTable
                0x000000000800641c                . = ALIGN (0x4)

.rel.dyn        0x000000000800641c        0x0
 .rel.iplt      0x000000000800641c        0x0 c:/st/stm32cubeide_1.7.0/stm32cubeide/plugins/com.st.stm32cube.ide.mcu.externaltools.gnu-tools-for-stm32.9-2020-q2-update.win32_2.0.0.202105311346/tools/bin/../lib/gcc/arm-none-eabi/9.3.1/thumb/v7e-m+fp/hard/crtbegin.o

.ARM.extab      0x000000000800641c        0x0
                0x000000000800641c                . = ALIGN (0x4)
 *(.ARM.extab* .gnu.linkonce.armextab.*)
                0x000000000800641c                . = ALIGN (0x4)

.ARM            0x000000000800641c        0x0
                0x000000000800641c                . = ALIGN (0x4)
                0x000000000800641c                __exidx_start = .
 *(.ARM.exidx*)
                0x000000000800641c                __exidx_end = .
                0x000000000800641c                . = ALIGN (0x4)

.preinit_array  0x000000000800641c        0x0
                0x000000000800641c                . = ALIGN (0x4)
                0x000000000800641c                PROVIDE (__preinit_array_start = .)
 *(.preinit_array*)
                0x000000000800641c                PROVIDE (__preinit_array_end = .)
                0x000000000800641c                . = ALIGN (0x4)

.init_array     0x000000000800641c        0x4
                0x000000000800641c                . = ALIGN (0x4)
                0x000000000800641c                PROVIDE (__init_array_start = .)
 *(SORT_BY_NAME(.init_array.*))
 *(.init_array*)
 .init_array    0x000000000800641c        0x4 c:/st/stm32cubeide_1.7.0/stm32cubeide/plugins/com.st.stm32cube.ide.mcu.externaltools.gnu-tools-for-stm32.9-2020-q2-update.win32_2.0.0.202105311346/tools/bin/../lib/gcc/arm-none-eabi/9.3.1/thumb/v7e-m+fp/hard/crtbegin.o
                0x0000000008006420                PROVIDE (__init_array_end = .)
                0x0000000008006420                . = ALIGN (0x4)

.fini_array     0x0000000008006420        0x4
                0x0000000008006420                . = ALIGN (0x4)
                [!provide]                        PROVIDE (__fini_array_start = .)
 *(SORT_BY_NAME(.fini_array.*))
 *(.fini_array*)
 .fini_array    0x0000000008006420        0x4 c:/st/stm32cubeide_1.7.0/stm32cubeide/plugins/com.st.stm32cube.ide.mcu.externaltools.gnu-tools-for-stm32.9-2020-q2-update.win32_2.0.0.202105311346/tools/bin/../lib/gcc/arm-none-eabi/9.3.1/thumb/v7e-m+fp/hard/crtbegin.o
                [!provide]                        PROVIDE (__fini_array_end = .)
                0x0000000008006424                . = ALIGN (0x4)
                0x0000000008006424                _sidata = LOADADDR (.data)

.data           0x0000000020000000       0x10 load address 0x0000000008006424
                0x0000000020000000                . = ALIGN (0x4)
                0x0000000020000000                _sdata = .
 *(.data)
 *(.data*)
 .data.SystemCoreClock
                0x0000000020000000        0x4 ./Core/Src/system_stm32l4xx.o
                0x0000000020000000                SystemCoreClock
 .data.uwTickPrio
                0x0000000020000004        0x4 ./Drivers/STM32L4xx_HAL_Driver/Src/stm32l4xx_hal.o
                0x0000000020000004                uwTickPrio
 .data.uwTickFreq
                0x0000000020000008        0x1 ./Drivers/STM32L4xx_HAL_Driver/Src/stm32l4xx_hal.o
                0x0000000020000008                uwTickFreq
 *fill*         0x0000000020000009        0x3 
 .data.uxCriticalNesting
                0x000000002000000c        0x4 ./Middlewares/Third_Party/FreeRTOS/Source/portable/GCC/ARM_CM4F/port.o
 *(.RamFunc)
 *(.RamFunc*)
                0x0000000020000010                . = ALIGN (0x4)
                0x0000000020000010                _edata = .

.igot.plt       0x0000000020000010        0x0 load address 0x0000000008006434
 .igot.plt      0x0000000020000010        0x0 c:/st/stm32cubeide_1.7.0/stm32cubeide/plugins/com.st.stm32cube.ide.mcu.externaltools.gnu-tools-for-stm32.9-2020-q2-update.win32_2.0.0.202105311346/tools/bin/../lib/gcc/arm-none-eabi/9.3.1/thumb/v7e-m+fp/hard/crtbegin.o
                0x0000000020000010                . = ALIGN (0x4)

.bss            0x0000000020000010     0x19c0 load address 0x0000000008006434
                0x0000000020000010                _sbss = .
                0x0000000020000010                __bss_start__ = _sbss
 *(.bss)
 .bss           0x0000000020000010       0x1c c:/st/stm32cubeide_1.7.0/stm32cubeide/plugins/com.st.stm32cube.ide.mcu.externaltools.gnu-tools-for-stm32.9-2020-q2-update.win32_2.0.0.202105311346/tools/bin/../lib/gcc/arm-none-eabi/9.3.1/thumb/v7e-m+fp/hard/crtbegin.o
 *(.bss*)
 .bss.taskLED_Handler
                0x000000002000002c        0x4 ./Core/Src/main.o
                0x000000002000002c                taskLED_Handler
 .bss.taskSensor_Handler
                0x0000000020000030        0x4 ./Core/Src/main.o
                0x0000000020000030                taskSensor_Handler
 .bss.pin_state.8918
                0x0000000020000034        0x4 ./Core/Src/main.o
 .bss.KernelState
                0x0000000020000038        0x4 ./Middlewares/Third_Party/FreeRTOS/Source/CMSIS_RTOS_V2/cmsis_os2.o
 .bss.Idle_TCB.9869
                0x000000002000003c       0x5c ./Middlewares/Third_Party/FreeRTOS/Source/CMSIS_RTOS_V2/cmsis_os2.o
 .bss.Idle_Stack.9870
                0x0000000020000098      0x200 ./Middlewares/Third_Party/FreeRTOS/Source/CMSIS_RTOS_V2/cmsis_os2.o
 .bss.Timer_TCB.9876
                0x0000000020000298       0x5c ./Middlewares/Third_Party/FreeRTOS/Source/CMSIS_RTOS_V2/cmsis_os2.o
 .bss.Timer_Stack.9877
                0x00000000200002f4      0x400 ./Middlewares/Third_Party/FreeRTOS/Source/CMSIS_RTOS_V2/cmsis_os2.o
 .bss.pxCurrentTCB
                0x00000000200006f4        0x4 ./Middlewares/Third_Party/FreeRTOS/Source/tasks.o
                0x00000000200006f4                pxCurrentTCB
 .bss.pxReadyTasksLists
                0x00000000200006f8      0x460 ./Middlewares/Third_Party/FreeRTOS/Source/tasks.o
 .bss.xDelayedTaskList1
                0x0000000020000b58       0x14 ./Middlewares/Third_Party/FreeRTOS/Source/tasks.o
 .bss.xDelayedTaskList2
                0x0000000020000b6c       0x14 ./Middlewares/Third_Party/FreeRTOS/Source/tasks.o
 .bss.pxDelayedTaskList
                0x0000000020000b80        0x4 ./Middlewares/Third_Party/FreeRTOS/Source/tasks.o
 .bss.pxOverflowDelayedTaskList
                0x0000000020000b84        0x4 ./Middlewares/Third_Party/FreeRTOS/Source/tasks.o
 .bss.xPendingReadyList
                0x0000000020000b88       0x14 ./Middlewares/Third_Party/FreeRTOS/Source/tasks.o
 .bss.xTasksWaitingTermination
                0x0000000020000b9c       0x14 ./Middlewares/Third_Party/FreeRTOS/Source/tasks.o
 .bss.uxDeletedTasksWaitingCleanUp
                0x0000000020000bb0        0x4 ./Middlewares/Third_Party/FreeRTOS/Source/tasks.o
 .bss.xSuspendedTaskList
                0x0000000020000bb4       0x14 ./Middlewares/Third_Party/FreeRTOS/Source/tasks.o
 .bss.uxCurrentNumberOfTasks
                0x0000000020000bc8        0x4 ./Middlewares/Third_Party/FreeRTOS/Source/tasks.o
 .bss.xTickCount
                0x0000000020000bcc        0x4 ./Middlewares/Third_Party/FreeRTOS/Source/tasks.o
 .bss.uxTopReadyPriority
                0x0000000020000bd0        0x4 ./Middlewares/Third_Party/FreeRTOS/Source/tasks.o
 .bss.xSchedulerRunning
                0x0000000020000bd4        0x4 ./Middlewares/Third_Party/FreeRTOS/Source/tasks.o
 .bss.xPendedTicks
                0x0000000020000bd8        0x4 ./Middlewares/Third_Party/FreeRTOS/Source/tasks.o
 .bss.xYieldPending
                0x0000000020000bdc        0x4 ./Middlewares/Third_Party/FreeRTOS/Source/tasks.o
 .bss.xNumOfOverflows
                0x0000000020000be0        0x4 ./Middlewares/Third_Party/FreeRTOS/Source/tasks.o
 .bss.uxTaskNumber
                0x0000000020000be4        0x4 ./Middlewares/Third_Party/FreeRTOS/Source/tasks.o
 .bss.xNextTaskUnblockTime
                0x0000000020000be8        0x4 ./Middlewares/Third_Party/FreeRTOS/Source/tasks.o
 .bss.xIdleTaskHandle
                0x0000000020000bec        0x4 ./Middlewares/Third_Party/FreeRTOS/Source/tasks.o
 .bss.uxSchedulerSuspended
                0x0000000020000bf0        0x4 ./Middlewares/Third_Party/FreeRTOS/Source/tasks.o
 .bss.xActiveTimerList1
                0x0000000020000bf4       0x14 ./Middlewares/Third_Party/FreeRTOS/Source/timers.o
 .bss.xActiveTimerList2
                0x0000000020000c08       0x14 ./Middlewares/Third_Party/FreeRTOS/Source/timers.o
 .bss.pxCurrentTimerList
                0x0000000020000c1c        0x4 ./Middlewares/Third_Party/FreeRTOS/Source/timers.o
 .bss.pxOverflowTimerList
                0x0000000020000c20        0x4 ./Middlewares/Third_Party/FreeRTOS/Source/timers.o
 .bss.xTimerQueue
                0x0000000020000c24        0x4 ./Middlewares/Third_Party/FreeRTOS/Source/timers.o
 .bss.xTimerTaskHandle
                0x0000000020000c28        0x4 ./Middlewares/Third_Party/FreeRTOS/Source/timers.o
 .bss.xLastTime.6927
                0x0000000020000c2c        0x4 ./Middlewares/Third_Party/FreeRTOS/Source/timers.o
 .bss.ucStaticTimerQueueStorage.6978
                0x0000000020000c30       0xa0 ./Middlewares/Third_Party/FreeRTOS/Source/timers.o
 .bss.xStaticTimerQueue.6977
                0x0000000020000cd0       0x50 ./Middlewares/Third_Party/FreeRTOS/Source/timers.o
 .bss.ucMaxSysCallPriority
                0x0000000020000d20        0x1 ./Middlewares/Third_Party/FreeRTOS/Source/portable/GCC/ARM_CM4F/port.o
 *fill*         0x0000000020000d21        0x3 
 .bss.ulMaxPRIGROUPValue
                0x0000000020000d24        0x4 ./Middlewares/Third_Party/FreeRTOS/Source/portable/GCC/ARM_CM4F/port.o
 .bss.ucHeap    0x0000000020000d28      0xbb8 ./Middlewares/Third_Party/FreeRTOS/Source/portable/MemMang/heap_4.o
 .bss.xStart    0x00000000200018e0        0x8 ./Middlewares/Third_Party/FreeRTOS/Source/portable/MemMang/heap_4.o
 .bss.pxEnd     0x00000000200018e8        0x4 ./Middlewares/Third_Party/FreeRTOS/Source/portable/MemMang/heap_4.o
 .bss.xFreeBytesRemaining
                0x00000000200018ec        0x4 ./Middlewares/Third_Party/FreeRTOS/Source/portable/MemMang/heap_4.o
 .bss.xMinimumEverFreeBytesRemaining
                0x00000000200018f0        0x4 ./Middlewares/Third_Party/FreeRTOS/Source/portable/MemMang/heap_4.o
 .bss.xNumberOfSuccessfulAllocations
                0x00000000200018f4        0x4 ./Middlewares/Third_Party/FreeRTOS/Source/portable/MemMang/heap_4.o
 .bss.xNumberOfSuccessfulFrees
                0x00000000200018f8        0x4 ./Middlewares/Third_Party/FreeRTOS/Source/portable/MemMang/heap_4.o
 .bss.xBlockAllocatedBit
                0x00000000200018fc        0x4 ./Middlewares/Third_Party/FreeRTOS/Source/portable/MemMang/heap_4.o
 .bss.DRDYFlag  0x0000000020001900        0x1 ./Modules/Src/MLX90393.o
                0x0000000020001900                DRDYFlag
 *(COMMON)
 *fill*         0x0000000020001901        0x3 
 COMMON         0x0000000020001904        0x4 ./Core/Src/freertos.o
                0x0000000020001904                defaultTaskHandle
 COMMON         0x0000000020001908       0x4c ./Core/Src/i2c.o
                0x0000000020001908                hi2c2
 COMMON         0x0000000020001954       0x34 ./Core/Src/main.o
                0x0000000020001954                IMU
                0x0000000020001974                MAG
 COMMON         0x0000000020001988        0x4 ./Drivers/STM32L4xx_HAL_Driver/Src/stm32l4xx_hal.o
                0x0000000020001988                uwTick
 COMMON         0x000000002000198c       0x40 ./Middlewares/Third_Party/FreeRTOS/Source/queue.o
                0x000000002000198c                xQueueRegistry
 COMMON         0x00000000200019cc        0x4 ./Modules/Src/MLX90393.o
                0x00000000200019cc                MagIntSemaphore
                0x00000000200019d0                . = ALIGN (0x4)
                0x00000000200019d0                _ebss = .
                0x00000000200019d0                __bss_end__ = _ebss

._user_heap_stack
                0x00000000200019d0      0x600 load address 0x0000000008006434
                0x00000000200019d0                . = ALIGN (0x8)
                [!provide]                        PROVIDE (end = .)
                0x00000000200019d0                PROVIDE (_end = .)
                0x0000000020001bd0                . = (. + _Min_Heap_Size)
 *fill*         0x00000000200019d0      0x200 
                0x0000000020001fd0                . = (. + _Min_Stack_Size)
 *fill*         0x0000000020001bd0      0x400 
                0x0000000020001fd0                . = ALIGN (0x8)

/DISCARD/
 libc.a(*)
 libm.a(*)
 libgcc.a(*)

.ARM.attributes
                0x0000000000000000       0x30
 *(.ARM.attributes)
 .ARM.attributes
                0x0000000000000000       0x1e c:/st/stm32cubeide_1.7.0/stm32cubeide/plugins/com.st.stm32cube.ide.mcu.externaltools.gnu-tools-for-stm32.9-2020-q2-update.win32_2.0.0.202105311346/tools/bin/../lib/gcc/arm-none-eabi/9.3.1/thumb/v7e-m+fp/hard/crti.o
 .ARM.attributes
                0x000000000000001e       0x34 c:/st/stm32cubeide_1.7.0/stm32cubeide/plugins/com.st.stm32cube.ide.mcu.externaltools.gnu-tools-for-stm32.9-2020-q2-update.win32_2.0.0.202105311346/tools/bin/../lib/gcc/arm-none-eabi/9.3.1/thumb/v7e-m+fp/hard/crtbegin.o
 .ARM.attributes
                0x0000000000000052       0x34 ./Core/Src/freertos.o
 .ARM.attributes
                0x0000000000000086       0x34 ./Core/Src/gpio.o
 .ARM.attributes
                0x00000000000000ba       0x34 ./Core/Src/i2c.o
 .ARM.attributes
                0x00000000000000ee       0x34 ./Core/Src/main.o
 .ARM.attributes
                0x0000000000000122       0x34 ./Core/Src/stm32l4xx_hal_msp.o
 .ARM.attributes
                0x0000000000000156       0x34 ./Core/Src/stm32l4xx_it.o
 .ARM.attributes
                0x000000000000018a       0x34 ./Core/Src/system_stm32l4xx.o
 .ARM.attributes
                0x00000000000001be       0x21 ./Core/Startup/startup_stm32l451rctx.o
 .ARM.attributes
                0x00000000000001df       0x34 ./Drivers/STM32L4xx_HAL_Driver/Src/stm32l4xx_hal.o
 .ARM.attributes
                0x0000000000000213       0x34 ./Drivers/STM32L4xx_HAL_Driver/Src/stm32l4xx_hal_cortex.o
 .ARM.attributes
                0x0000000000000247       0x34 ./Drivers/STM32L4xx_HAL_Driver/Src/stm32l4xx_hal_gpio.o
 .ARM.attributes
                0x000000000000027b       0x34 ./Drivers/STM32L4xx_HAL_Driver/Src/stm32l4xx_hal_i2c.o
 .ARM.attributes
                0x00000000000002af       0x34 ./Drivers/STM32L4xx_HAL_Driver/Src/stm32l4xx_hal_i2c_ex.o
 .ARM.attributes
                0x00000000000002e3       0x34 ./Drivers/STM32L4xx_HAL_Driver/Src/stm32l4xx_hal_pwr_ex.o
 .ARM.attributes
                0x0000000000000317       0x34 ./Drivers/STM32L4xx_HAL_Driver/Src/stm32l4xx_hal_rcc.o
 .ARM.attributes
                0x000000000000034b       0x34 ./Drivers/STM32L4xx_HAL_Driver/Src/stm32l4xx_hal_rcc_ex.o
 .ARM.attributes
                0x000000000000037f       0x34 ./Middlewares/Third_Party/FreeRTOS/Source/CMSIS_RTOS_V2/cmsis_os2.o
 .ARM.attributes
                0x00000000000003b3       0x34 ./Middlewares/Third_Party/FreeRTOS/Source/list.o
 .ARM.attributes
                0x00000000000003e7       0x34 ./Middlewares/Third_Party/FreeRTOS/Source/queue.o
 .ARM.attributes
                0x000000000000041b       0x34 ./Middlewares/Third_Party/FreeRTOS/Source/tasks.o
 .ARM.attributes
                0x000000000000044f       0x34 ./Middlewares/Third_Party/FreeRTOS/Source/timers.o
 .ARM.attributes
                0x0000000000000483       0x34 ./Middlewares/Third_Party/FreeRTOS/Source/portable/GCC/ARM_CM4F/port.o
 .ARM.attributes
                0x00000000000004b7       0x34 ./Middlewares/Third_Party/FreeRTOS/Source/portable/MemMang/heap_4.o
 .ARM.attributes
                0x00000000000004eb       0x34 ./Modules/Src/IIM42652.o
 .ARM.attributes
                0x000000000000051f       0x34 ./Modules/Src/MLX90393.o
 .ARM.attributes
                0x0000000000000553       0x34 c:/st/stm32cubeide_1.7.0/stm32cubeide/plugins/com.st.stm32cube.ide.mcu.externaltools.gnu-tools-for-stm32.9-2020-q2-update.win32_2.0.0.202105311346/tools/bin/../lib/gcc/arm-none-eabi/9.3.1/../../../../arm-none-eabi/lib/thumb/v7e-m+fp/hard\libc_nano.a(lib_a-init.o)
 .ARM.attributes
                0x0000000000000587       0x34 c:/st/stm32cubeide_1.7.0/stm32cubeide/plugins/com.st.stm32cube.ide.mcu.externaltools.gnu-tools-for-stm32.9-2020-q2-update.win32_2.0.0.202105311346/tools/bin/../lib/gcc/arm-none-eabi/9.3.1/../../../../arm-none-eabi/lib/thumb/v7e-m+fp/hard\libc_nano.a(lib_a-memcpy-stub.o)
 .ARM.attributes
                0x00000000000005bb       0x34 c:/st/stm32cubeide_1.7.0/stm32cubeide/plugins/com.st.stm32cube.ide.mcu.externaltools.gnu-tools-for-stm32.9-2020-q2-update.win32_2.0.0.202105311346/tools/bin/../lib/gcc/arm-none-eabi/9.3.1/../../../../arm-none-eabi/lib/thumb/v7e-m+fp/hard\libc_nano.a(lib_a-memset.o)
 .ARM.attributes
                0x00000000000005ef       0x1e c:/st/stm32cubeide_1.7.0/stm32cubeide/plugins/com.st.stm32cube.ide.mcu.externaltools.gnu-tools-for-stm32.9-2020-q2-update.win32_2.0.0.202105311346/tools/bin/../lib/gcc/arm-none-eabi/9.3.1/thumb/v7e-m+fp/hard/crtn.o
OUTPUT(STM32L451RCT_FreeRTOS.elf elf32-littlearm)
LOAD linker stubs
LOAD c:/st/stm32cubeide_1.7.0/stm32cubeide/plugins/com.st.stm32cube.ide.mcu.externaltools.gnu-tools-for-stm32.9-2020-q2-update.win32_2.0.0.202105311346/tools/bin/../lib/gcc/arm-none-eabi/9.3.1/../../../../arm-none-eabi/lib/thumb/v7e-m+fp/hard\libc.a
LOAD c:/st/stm32cubeide_1.7.0/stm32cubeide/plugins/com.st.stm32cube.ide.mcu.externaltools.gnu-tools-for-stm32.9-2020-q2-update.win32_2.0.0.202105311346/tools/bin/../lib/gcc/arm-none-eabi/9.3.1/../../../../arm-none-eabi/lib/thumb/v7e-m+fp/hard\libm.a
LOAD c:/st/stm32cubeide_1.7.0/stm32cubeide/plugins/com.st.stm32cube.ide.mcu.externaltools.gnu-tools-for-stm32.9-2020-q2-update.win32_2.0.0.202105311346/tools/bin/../lib/gcc/arm-none-eabi/9.3.1/thumb/v7e-m+fp/hard\libgcc.a

.debug_info     0x0000000000000000    0x19d31
 .debug_info    0x0000000000000000      0x545 ./Core/Src/freertos.o
 .debug_info    0x0000000000000545      0x909 ./Core/Src/gpio.o
 .debug_info    0x0000000000000e4e      0xdc1 ./Core/Src/i2c.o
 .debug_info    0x0000000000001c0f      0xca2 ./Core/Src/main.o
 .debug_info    0x00000000000028b1      0x73e ./Core/Src/stm32l4xx_hal_msp.o
 .debug_info    0x0000000000002fef      0x38c ./Core/Src/stm32l4xx_it.o
 .debug_info    0x000000000000337b      0x795 ./Core/Src/system_stm32l4xx.o
 .debug_info    0x0000000000003b10       0x22 ./Core/Startup/startup_stm32l451rctx.o
 .debug_info    0x0000000000003b32      0xc87 ./Drivers/STM32L4xx_HAL_Driver/Src/stm32l4xx_hal.o
 .debug_info    0x00000000000047b9      0xfe0 ./Drivers/STM32L4xx_HAL_Driver/Src/stm32l4xx_hal_cortex.o
 .debug_info    0x0000000000005799      0xa6d ./Drivers/STM32L4xx_HAL_Driver/Src/stm32l4xx_hal_gpio.o
 .debug_info    0x0000000000006206     0x22fd ./Drivers/STM32L4xx_HAL_Driver/Src/stm32l4xx_hal_i2c.o
 .debug_info    0x0000000000008503      0xc45 ./Drivers/STM32L4xx_HAL_Driver/Src/stm32l4xx_hal_i2c_ex.o
 .debug_info    0x0000000000009148      0xb1c ./Drivers/STM32L4xx_HAL_Driver/Src/stm32l4xx_hal_pwr_ex.o
 .debug_info    0x0000000000009c64      0xdc3 ./Drivers/STM32L4xx_HAL_Driver/Src/stm32l4xx_hal_rcc.o
 .debug_info    0x000000000000aa27     0x114a ./Drivers/STM32L4xx_HAL_Driver/Src/stm32l4xx_hal_rcc_ex.o
 .debug_info    0x000000000000bb71     0x3ea0 ./Middlewares/Third_Party/FreeRTOS/Source/CMSIS_RTOS_V2/cmsis_os2.o
 .debug_info    0x000000000000fa11      0xb82 ./Middlewares/Third_Party/FreeRTOS/Source/list.o
 .debug_info    0x0000000000010593     0x23b0 ./Middlewares/Third_Party/FreeRTOS/Source/queue.o
 .debug_info    0x0000000000012943     0x2ac6 ./Middlewares/Third_Party/FreeRTOS/Source/tasks.o
 .debug_info    0x0000000000015409     0x1bf5 ./Middlewares/Third_Party/FreeRTOS/Source/timers.o
 .debug_info    0x0000000000016ffe      0x4f1 ./Middlewares/Third_Party/FreeRTOS/Source/portable/GCC/ARM_CM4F/port.o
 .debug_info    0x00000000000174ef      0xd8a ./Middlewares/Third_Party/FreeRTOS/Source/portable/MemMang/heap_4.o
 .debug_info    0x0000000000018279      0x9ca ./Modules/Src/IIM42652.o
 .debug_info    0x0000000000018c43     0x10ee ./Modules/Src/MLX90393.o

.debug_abbrev   0x0000000000000000     0x36d3
 .debug_abbrev  0x0000000000000000      0x13a ./Core/Src/freertos.o
 .debug_abbrev  0x000000000000013a      0x19e ./Core/Src/gpio.o
 .debug_abbrev  0x00000000000002d8      0x1c6 ./Core/Src/i2c.o
 .debug_abbrev  0x000000000000049e      0x214 ./Core/Src/main.o
 .debug_abbrev  0x00000000000006b2      0x146 ./Core/Src/stm32l4xx_hal_msp.o
 .debug_abbrev  0x00000000000007f8       0xf2 ./Core/Src/stm32l4xx_it.o
 .debug_abbrev  0x00000000000008ea      0x165 ./Core/Src/system_stm32l4xx.o
 .debug_abbrev  0x0000000000000a4f       0x12 ./Core/Startup/startup_stm32l451rctx.o
 .debug_abbrev  0x0000000000000a61      0x227 ./Drivers/STM32L4xx_HAL_Driver/Src/stm32l4xx_hal.o
 .debug_abbrev  0x0000000000000c88      0x33c ./Drivers/STM32L4xx_HAL_Driver/Src/stm32l4xx_hal_cortex.o
 .debug_abbrev  0x0000000000000fc4      0x1e8 ./Drivers/STM32L4xx_HAL_Driver/Src/stm32l4xx_hal_gpio.o
 .debug_abbrev  0x00000000000011ac      0x256 ./Drivers/STM32L4xx_HAL_Driver/Src/stm32l4xx_hal_i2c.o
 .debug_abbrev  0x0000000000001402      0x1dd ./Drivers/STM32L4xx_HAL_Driver/Src/stm32l4xx_hal_i2c_ex.o
 .debug_abbrev  0x00000000000015df      0x1f3 ./Drivers/STM32L4xx_HAL_Driver/Src/stm32l4xx_hal_pwr_ex.o
 .debug_abbrev  0x00000000000017d2      0x275 ./Drivers/STM32L4xx_HAL_Driver/Src/stm32l4xx_hal_rcc.o
 .debug_abbrev  0x0000000000001a47      0x268 ./Drivers/STM32L4xx_HAL_Driver/Src/stm32l4xx_hal_rcc_ex.o
 .debug_abbrev  0x0000000000001caf      0x4a3 ./Middlewares/Third_Party/FreeRTOS/Source/CMSIS_RTOS_V2/cmsis_os2.o
 .debug_abbrev  0x0000000000002152      0x1f7 ./Middlewares/Third_Party/FreeRTOS/Source/list.o
 .debug_abbrev  0x0000000000002349      0x380 ./Middlewares/Third_Party/FreeRTOS/Source/queue.o
 .debug_abbrev  0x00000000000026c9      0x39a ./Middlewares/Third_Party/FreeRTOS/Source/tasks.o
 .debug_abbrev  0x0000000000002a63      0x317 ./Middlewares/Third_Party/FreeRTOS/Source/timers.o
 .debug_abbrev  0x0000000000002d7a      0x231 ./Middlewares/Third_Party/FreeRTOS/Source/portable/GCC/ARM_CM4F/port.o
 .debug_abbrev  0x0000000000002fab      0x2d3 ./Middlewares/Third_Party/FreeRTOS/Source/portable/MemMang/heap_4.o
 .debug_abbrev  0x000000000000327e      0x1b8 ./Modules/Src/IIM42652.o
 .debug_abbrev  0x0000000000003436      0x29d ./Modules/Src/MLX90393.o

.debug_aranges  0x0000000000000000     0x1258
 .debug_aranges
                0x0000000000000000       0x28 ./Core/Src/freertos.o
 .debug_aranges
                0x0000000000000028       0x30 ./Core/Src/gpio.o
 .debug_aranges
                0x0000000000000058       0x30 ./Core/Src/i2c.o
 .debug_aranges
                0x0000000000000088       0x40 ./Core/Src/main.o
 .debug_aranges
                0x00000000000000c8       0x20 ./Core/Src/stm32l4xx_hal_msp.o
 .debug_aranges
                0x00000000000000e8       0x58 ./Core/Src/stm32l4xx_it.o
 .debug_aranges
                0x0000000000000140       0x28 ./Core/Src/system_stm32l4xx.o
 .debug_aranges
                0x0000000000000168       0x28 ./Core/Startup/startup_stm32l451rctx.o
 .debug_aranges
                0x0000000000000190      0x130 ./Drivers/STM32L4xx_HAL_Driver/Src/stm32l4xx_hal.o
 .debug_aranges
                0x00000000000002c0      0x118 ./Drivers/STM32L4xx_HAL_Driver/Src/stm32l4xx_hal_cortex.o
 .debug_aranges
                0x00000000000003d8       0x58 ./Drivers/STM32L4xx_HAL_Driver/Src/stm32l4xx_hal_gpio.o
 .debug_aranges
                0x0000000000000430      0x290 ./Drivers/STM32L4xx_HAL_Driver/Src/stm32l4xx_hal_i2c.o
 .debug_aranges
                0x00000000000006c0       0x48 ./Drivers/STM32L4xx_HAL_Driver/Src/stm32l4xx_hal_i2c_ex.o
 .debug_aranges
                0x0000000000000708      0x100 ./Drivers/STM32L4xx_HAL_Driver/Src/stm32l4xx_hal_pwr_ex.o
 .debug_aranges
                0x0000000000000808       0x88 ./Drivers/STM32L4xx_HAL_Driver/Src/stm32l4xx_hal_rcc.o
 .debug_aranges
                0x0000000000000890       0xf0 ./Drivers/STM32L4xx_HAL_Driver/Src/stm32l4xx_hal_rcc_ex.o
 .debug_aranges
                0x0000000000000980      0x2a8 ./Middlewares/Third_Party/FreeRTOS/Source/CMSIS_RTOS_V2/cmsis_os2.o
 .debug_aranges
                0x0000000000000c28       0x40 ./Middlewares/Third_Party/FreeRTOS/Source/list.o
 .debug_aranges
                0x0000000000000c68      0x158 ./Middlewares/Third_Party/FreeRTOS/Source/queue.o
 .debug_aranges
                0x0000000000000dc0      0x208 ./Middlewares/Third_Party/FreeRTOS/Source/tasks.o
 .debug_aranges
                0x0000000000000fc8       0xf0 ./Middlewares/Third_Party/FreeRTOS/Source/timers.o
 .debug_aranges
                0x00000000000010b8       0x80 ./Middlewares/Third_Party/FreeRTOS/Source/portable/GCC/ARM_CM4F/port.o
 .debug_aranges
                0x0000000000001138       0x58 ./Middlewares/Third_Party/FreeRTOS/Source/portable/MemMang/heap_4.o
 .debug_aranges
                0x0000000000001190       0x38 ./Modules/Src/IIM42652.o
 .debug_aranges
                0x00000000000011c8       0x90 ./Modules/Src/MLX90393.o

.debug_ranges   0x0000000000000000     0x10d0
 .debug_ranges  0x0000000000000000       0x18 ./Core/Src/freertos.o
 .debug_ranges  0x0000000000000018       0x20 ./Core/Src/gpio.o
 .debug_ranges  0x0000000000000038       0x20 ./Core/Src/i2c.o
 .debug_ranges  0x0000000000000058       0x30 ./Core/Src/main.o
 .debug_ranges  0x0000000000000088       0x10 ./Core/Src/stm32l4xx_hal_msp.o
 .debug_ranges  0x0000000000000098       0x48 ./Core/Src/stm32l4xx_it.o
 .debug_ranges  0x00000000000000e0       0x18 ./Core/Src/system_stm32l4xx.o
 .debug_ranges  0x00000000000000f8       0x20 ./Core/Startup/startup_stm32l451rctx.o
 .debug_ranges  0x0000000000000118      0x120 ./Drivers/STM32L4xx_HAL_Driver/Src/stm32l4xx_hal.o
 .debug_ranges  0x0000000000000238      0x108 ./Drivers/STM32L4xx_HAL_Driver/Src/stm32l4xx_hal_cortex.o
 .debug_ranges  0x0000000000000340       0x48 ./Drivers/STM32L4xx_HAL_Driver/Src/stm32l4xx_hal_gpio.o
 .debug_ranges  0x0000000000000388      0x280 ./Drivers/STM32L4xx_HAL_Driver/Src/stm32l4xx_hal_i2c.o
 .debug_ranges  0x0000000000000608       0x38 ./Drivers/STM32L4xx_HAL_Driver/Src/stm32l4xx_hal_i2c_ex.o
 .debug_ranges  0x0000000000000640       0xf0 ./Drivers/STM32L4xx_HAL_Driver/Src/stm32l4xx_hal_pwr_ex.o
 .debug_ranges  0x0000000000000730       0x78 ./Drivers/STM32L4xx_HAL_Driver/Src/stm32l4xx_hal_rcc.o
 .debug_ranges  0x00000000000007a8       0xe0 ./Drivers/STM32L4xx_HAL_Driver/Src/stm32l4xx_hal_rcc_ex.o
 .debug_ranges  0x0000000000000888      0x298 ./Middlewares/Third_Party/FreeRTOS/Source/CMSIS_RTOS_V2/cmsis_os2.o
 .debug_ranges  0x0000000000000b20       0x30 ./Middlewares/Third_Party/FreeRTOS/Source/list.o
 .debug_ranges  0x0000000000000b50      0x148 ./Middlewares/Third_Party/FreeRTOS/Source/queue.o
 .debug_ranges  0x0000000000000c98      0x1f8 ./Middlewares/Third_Party/FreeRTOS/Source/tasks.o
 .debug_ranges  0x0000000000000e90       0xe0 ./Middlewares/Third_Party/FreeRTOS/Source/timers.o
 .debug_ranges  0x0000000000000f70       0x70 ./Middlewares/Third_Party/FreeRTOS/Source/portable/GCC/ARM_CM4F/port.o
 .debug_ranges  0x0000000000000fe0       0x48 ./Middlewares/Third_Party/FreeRTOS/Source/portable/MemMang/heap_4.o
 .debug_ranges  0x0000000000001028       0x28 ./Modules/Src/IIM42652.o
 .debug_ranges  0x0000000000001050       0x80 ./Modules/Src/MLX90393.o

.debug_macro    0x0000000000000000    0x22d82
 .debug_macro   0x0000000000000000      0x24a ./Core/Src/freertos.o
 .debug_macro   0x000000000000024a      0xaa8 ./Core/Src/freertos.o
 .debug_macro   0x0000000000000cf2      0x174 ./Core/Src/freertos.o
 .debug_macro   0x0000000000000e66       0x22 ./Core/Src/freertos.o
 .debug_macro   0x0000000000000e88       0x8e ./Core/Src/freertos.o
 .debug_macro   0x0000000000000f16       0x51 ./Core/Src/freertos.o
 .debug_macro   0x0000000000000f67      0x103 ./Core/Src/freertos.o
 .debug_macro   0x000000000000106a       0x6a ./Core/Src/freertos.o
 .debug_macro   0x00000000000010d4      0x1df ./Core/Src/freertos.o
 .debug_macro   0x00000000000012b3      0x169 ./Core/Src/freertos.o
 .debug_macro   0x000000000000141c      0x15a ./Core/Src/freertos.o
 .debug_macro   0x0000000000001576       0xc9 ./Core/Src/freertos.o
 .debug_macro   0x000000000000163f       0x1c ./Core/Src/freertos.o
 .debug_macro   0x000000000000165b       0x26 ./Core/Src/freertos.o
 .debug_macro   0x0000000000001681      0x4c5 ./Core/Src/freertos.o
 .debug_macro   0x0000000000001b46       0xb5 ./Core/Src/freertos.o
 .debug_macro   0x0000000000001bfb       0xaa ./Core/Src/freertos.o
 .debug_macro   0x0000000000001ca5      0x1a1 ./Core/Src/freertos.o
 .debug_macro   0x0000000000001e46       0x2e ./Core/Src/freertos.o
 .debug_macro   0x0000000000001e74       0x28 ./Core/Src/freertos.o
 .debug_macro   0x0000000000001e9c       0x1c ./Core/Src/freertos.o
 .debug_macro   0x0000000000001eb8       0x22 ./Core/Src/freertos.o
 .debug_macro   0x0000000000001eda      0x101 ./Core/Src/freertos.o
 .debug_macro   0x0000000000001fdb     0x1011 ./Core/Src/freertos.o
 .debug_macro   0x0000000000002fec      0x11f ./Core/Src/freertos.o
 .debug_macro   0x000000000000310b    0x15608 ./Core/Src/freertos.o
 .debug_macro   0x0000000000018713       0x43 ./Core/Src/freertos.o
 .debug_macro   0x0000000000018756     0x3897 ./Core/Src/freertos.o
 .debug_macro   0x000000000001bfed       0x5c ./Core/Src/freertos.o
 .debug_macro   0x000000000001c049     0x1375 ./Core/Src/freertos.o
 .debug_macro   0x000000000001d3be      0x607 ./Core/Src/freertos.o
 .debug_macro   0x000000000001d9c5      0x13d ./Core/Src/freertos.o
 .debug_macro   0x000000000001db02      0x161 ./Core/Src/freertos.o
 .debug_macro   0x000000000001dc63      0x26b ./Core/Src/freertos.o
 .debug_macro   0x000000000001dece      0x23d ./Core/Src/freertos.o
 .debug_macro   0x000000000001e10b      0x241 ./Core/Src/freertos.o
 .debug_macro   0x000000000001e34c      0x375 ./Core/Src/freertos.o
 .debug_macro   0x000000000001e6c1       0xd6 ./Core/Src/freertos.o
 .debug_macro   0x000000000001e797      0x22c ./Core/Src/freertos.o
 .debug_macro   0x000000000001e9c3       0x61 ./Core/Src/freertos.o
 .debug_macro   0x000000000001ea24       0xa5 ./Core/Src/freertos.o
 .debug_macro   0x000000000001eac9      0x122 ./Core/Src/freertos.o
 .debug_macro   0x000000000001ebeb      0x2ef ./Core/Src/freertos.o
 .debug_macro   0x000000000001eeda      0x2ec ./Core/Src/freertos.o
 .debug_macro   0x000000000001f1c6       0x2e ./Core/Src/freertos.o
 .debug_macro   0x000000000001f1f4       0x6c ./Core/Src/freertos.o
 .debug_macro   0x000000000001f260       0x74 ./Core/Src/freertos.o
 .debug_macro   0x000000000001f2d4       0xdd ./Core/Src/freertos.o
 .debug_macro   0x000000000001f3b1      0x1d3 ./Core/Src/gpio.o
 .debug_macro   0x000000000001f584       0x9a ./Core/Src/gpio.o
 .debug_macro   0x000000000001f61e      0x1ca ./Core/Src/i2c.o
 .debug_macro   0x000000000001f7e8      0x27a ./Core/Src/main.o
 .debug_macro   0x000000000001fa62      0x169 ./Core/Src/main.o
 .debug_macro   0x000000000001fbcb       0x66 ./Core/Src/main.o
 .debug_macro   0x000000000001fc31      0x1d2 ./Core/Src/main.o
 .debug_macro   0x000000000001fe03      0x1c0 ./Core/Src/stm32l4xx_hal_msp.o
 .debug_macro   0x000000000001ffc3      0x232 ./Core/Src/stm32l4xx_it.o
 .debug_macro   0x00000000000201f5      0x1b1 ./Core/Src/system_stm32l4xx.o
 .debug_macro   0x00000000000203a6      0x1ff ./Drivers/STM32L4xx_HAL_Driver/Src/stm32l4xx_hal.o
 .debug_macro   0x00000000000205a5      0x1b1 ./Drivers/STM32L4xx_HAL_Driver/Src/stm32l4xx_hal_cortex.o
 .debug_macro   0x0000000000020756      0x1f0 ./Drivers/STM32L4xx_HAL_Driver/Src/stm32l4xx_hal_gpio.o
 .debug_macro   0x0000000000020946      0x276 ./Drivers/STM32L4xx_HAL_Driver/Src/stm32l4xx_hal_i2c.o
 .debug_macro   0x0000000000020bbc      0x1b1 ./Drivers/STM32L4xx_HAL_Driver/Src/stm32l4xx_hal_i2c_ex.o
 .debug_macro   0x0000000000020d6d      0x1d5 ./Drivers/STM32L4xx_HAL_Driver/Src/stm32l4xx_hal_pwr_ex.o
 .debug_macro   0x0000000000020f42      0x1f3 ./Drivers/STM32L4xx_HAL_Driver/Src/stm32l4xx_hal_rcc.o
 .debug_macro   0x0000000000021135      0x1e7 ./Drivers/STM32L4xx_HAL_Driver/Src/stm32l4xx_hal_rcc_ex.o
 .debug_macro   0x000000000002131c      0x3a8 ./Middlewares/Third_Party/FreeRTOS/Source/CMSIS_RTOS_V2/cmsis_os2.o
 .debug_macro   0x00000000000216c4       0x10 ./Middlewares/Third_Party/FreeRTOS/Source/CMSIS_RTOS_V2/cmsis_os2.o
 .debug_macro   0x00000000000216d4       0x20 ./Middlewares/Third_Party/FreeRTOS/Source/CMSIS_RTOS_V2/cmsis_os2.o
 .debug_macro   0x00000000000216f4       0x10 ./Middlewares/Third_Party/FreeRTOS/Source/CMSIS_RTOS_V2/cmsis_os2.o
 .debug_macro   0x0000000000021704       0xf5 ./Middlewares/Third_Party/FreeRTOS/Source/CMSIS_RTOS_V2/cmsis_os2.o
 .debug_macro   0x00000000000217f9       0x91 ./Middlewares/Third_Party/FreeRTOS/Source/CMSIS_RTOS_V2/cmsis_os2.o
 .debug_macro   0x000000000002188a       0x8d ./Middlewares/Third_Party/FreeRTOS/Source/CMSIS_RTOS_V2/cmsis_os2.o
 .debug_macro   0x0000000000021917       0x9a ./Middlewares/Third_Party/FreeRTOS/Source/CMSIS_RTOS_V2/cmsis_os2.o
 .debug_macro   0x00000000000219b1       0x22 ./Middlewares/Third_Party/FreeRTOS/Source/CMSIS_RTOS_V2/cmsis_os2.o
 .debug_macro   0x00000000000219d3       0x56 ./Middlewares/Third_Party/FreeRTOS/Source/CMSIS_RTOS_V2/cmsis_os2.o
 .debug_macro   0x0000000000021a29      0x187 ./Middlewares/Third_Party/FreeRTOS/Source/list.o
 .debug_macro   0x0000000000021bb0      0x216 ./Middlewares/Third_Party/FreeRTOS/Source/queue.o
 .debug_macro   0x0000000000021dc6       0x16 ./Middlewares/Third_Party/FreeRTOS/Source/queue.o
 .debug_macro   0x0000000000021ddc       0x87 ./Middlewares/Third_Party/FreeRTOS/Source/queue.o
 .debug_macro   0x0000000000021e63      0x27f ./Middlewares/Third_Party/FreeRTOS/Source/tasks.o
 .debug_macro   0x00000000000220e2       0x10 ./Middlewares/Third_Party/FreeRTOS/Source/tasks.o
 .debug_macro   0x00000000000220f2      0x1dc ./Middlewares/Third_Party/FreeRTOS/Source/timers.o
 .debug_macro   0x00000000000222ce       0x97 ./Middlewares/Third_Party/FreeRTOS/Source/timers.o
 .debug_macro   0x0000000000022365      0x196 ./Middlewares/Third_Party/FreeRTOS/Source/portable/GCC/ARM_CM4F/port.o
 .debug_macro   0x00000000000224fb      0x1ae ./Middlewares/Third_Party/FreeRTOS/Source/portable/MemMang/heap_4.o
 .debug_macro   0x00000000000226a9      0x1c0 ./Modules/Src/IIM42652.o
 .debug_macro   0x0000000000022869      0x1cc ./Modules/Src/IIM42652.o
 .debug_macro   0x0000000000022a35      0x285 ./Modules/Src/MLX90393.o
 .debug_macro   0x0000000000022cba       0x94 ./Modules/Src/MLX90393.o
 .debug_macro   0x0000000000022d4e       0x34 ./Modules/Src/MLX90393.o

.debug_line     0x0000000000000000    0x15013
 .debug_line    0x0000000000000000      0x804 ./Core/Src/freertos.o
 .debug_line    0x0000000000000804      0x747 ./Core/Src/gpio.o
 .debug_line    0x0000000000000f4b      0x725 ./Core/Src/i2c.o
 .debug_line    0x0000000000001670      0x961 ./Core/Src/main.o
 .debug_line    0x0000000000001fd1      0x696 ./Core/Src/stm32l4xx_hal_msp.o
 .debug_line    0x0000000000002667      0x855 ./Core/Src/stm32l4xx_it.o
 .debug_line    0x0000000000002ebc      0x745 ./Core/Src/system_stm32l4xx.o
 .debug_line    0x0000000000003601       0x87 ./Core/Startup/startup_stm32l451rctx.o
 .debug_line    0x0000000000003688      0xa84 ./Drivers/STM32L4xx_HAL_Driver/Src/stm32l4xx_hal.o
 .debug_line    0x000000000000410c      0xc2b ./Drivers/STM32L4xx_HAL_Driver/Src/stm32l4xx_hal_cortex.o
 .debug_line    0x0000000000004d37      0xaa8 ./Drivers/STM32L4xx_HAL_Driver/Src/stm32l4xx_hal_gpio.o
 .debug_line    0x00000000000057df     0x3255 ./Drivers/STM32L4xx_HAL_Driver/Src/stm32l4xx_hal_i2c.o
 .debug_line    0x0000000000008a34      0x8b2 ./Drivers/STM32L4xx_HAL_Driver/Src/stm32l4xx_hal_i2c_ex.o
 .debug_line    0x00000000000092e6      0xadd ./Drivers/STM32L4xx_HAL_Driver/Src/stm32l4xx_hal_pwr_ex.o
 .debug_line    0x0000000000009dc3      0xf0a ./Drivers/STM32L4xx_HAL_Driver/Src/stm32l4xx_hal_rcc.o
 .debug_line    0x000000000000accd     0x1354 ./Drivers/STM32L4xx_HAL_Driver/Src/stm32l4xx_hal_rcc_ex.o
 .debug_line    0x000000000000c021     0x236c ./Middlewares/Third_Party/FreeRTOS/Source/CMSIS_RTOS_V2/cmsis_os2.o
 .debug_line    0x000000000000e38d      0x70b ./Middlewares/Third_Party/FreeRTOS/Source/list.o
 .debug_line    0x000000000000ea98     0x16d5 ./Middlewares/Third_Party/FreeRTOS/Source/queue.o
 .debug_line    0x000000000001016d     0x1d8a ./Middlewares/Third_Party/FreeRTOS/Source/tasks.o
 .debug_line    0x0000000000011ef7      0xd68 ./Middlewares/Third_Party/FreeRTOS/Source/timers.o
 .debug_line    0x0000000000012c5f      0x7af ./Middlewares/Third_Party/FreeRTOS/Source/portable/GCC/ARM_CM4F/port.o
 .debug_line    0x000000000001340e      0x935 ./Middlewares/Third_Party/FreeRTOS/Source/portable/MemMang/heap_4.o
 .debug_line    0x0000000000013d43      0x757 ./Modules/Src/IIM42652.o
 .debug_line    0x000000000001449a      0xb79 ./Modules/Src/MLX90393.o

.debug_str      0x0000000000000000    0xcf6b9
 .debug_str     0x0000000000000000    0xc2728 ./Core/Src/freertos.o
                                      0xc2a0a (size before relaxing)
 .debug_str     0x00000000000c2728      0x860 ./Core/Src/gpio.o
                                      0xbe501 (size before relaxing)
 .debug_str     0x00000000000c2f88      0x611 ./Core/Src/i2c.o
                                      0xbe4a1 (size before relaxing)
 .debug_str     0x00000000000c3599      0x946 ./Core/Src/main.o
                                      0xc35fb (size before relaxing)
 .debug_str     0x00000000000c3edf       0x2c ./Core/Src/stm32l4xx_hal_msp.o
                                      0xbe1bb (size before relaxing)
 .debug_str     0x00000000000c3f0b       0xb7 ./Core/Src/stm32l4xx_it.o
                                      0xc1a8f (size before relaxing)
 .debug_str     0x00000000000c3fc2       0xb8 ./Core/Src/system_stm32l4xx.o
                                      0xbdd58 (size before relaxing)
 .debug_str     0x00000000000c407a       0x36 ./Core/Startup/startup_stm32l451rctx.o
                                         0x87 (size before relaxing)
 .debug_str     0x00000000000c40b0      0x5ae ./Drivers/STM32L4xx_HAL_Driver/Src/stm32l4xx_hal.o
                                      0xbe7af (size before relaxing)
 .debug_str     0x00000000000c465e      0x380 ./Drivers/STM32L4xx_HAL_Driver/Src/stm32l4xx_hal_cortex.o
                                      0xbe515 (size before relaxing)
 .debug_str     0x00000000000c49de      0x21b ./Drivers/STM32L4xx_HAL_Driver/Src/stm32l4xx_hal_gpio.o
                                      0xbdfed (size before relaxing)
 .debug_str     0x00000000000c4bf9      0xd49 ./Drivers/STM32L4xx_HAL_Driver/Src/stm32l4xx_hal_i2c.o
                                      0xbee7a (size before relaxing)
 .debug_str     0x00000000000c5942       0xb8 ./Drivers/STM32L4xx_HAL_Driver/Src/stm32l4xx_hal_i2c_ex.o
                                      0xbe27c (size before relaxing)
 .debug_str     0x00000000000c59fa      0x418 ./Drivers/STM32L4xx_HAL_Driver/Src/stm32l4xx_hal_pwr_ex.o
                                      0xbe19e (size before relaxing)
 .debug_str     0x00000000000c5e12      0x38a ./Drivers/STM32L4xx_HAL_Driver/Src/stm32l4xx_hal_rcc.o
                                      0xbe2ef (size before relaxing)
 .debug_str     0x00000000000c619c      0x528 ./Drivers/STM32L4xx_HAL_Driver/Src/stm32l4xx_hal_rcc_ex.o
                                      0xbe5b9 (size before relaxing)
 .debug_str     0x00000000000c66c4     0x5cc6 ./Middlewares/Third_Party/FreeRTOS/Source/CMSIS_RTOS_V2/cmsis_os2.o
                                      0xc8386 (size before relaxing)
 .debug_str     0x00000000000cc38a      0x219 ./Middlewares/Third_Party/FreeRTOS/Source/list.o
                                       0xab60 (size before relaxing)
 .debug_str     0x00000000000cc5a3      0x948 ./Middlewares/Third_Party/FreeRTOS/Source/queue.o
                                       0xc4dd (size before relaxing)
 .debug_str     0x00000000000cceeb     0x12a8 ./Middlewares/Third_Party/FreeRTOS/Source/tasks.o
                                       0xd03f (size before relaxing)
 .debug_str     0x00000000000ce193      0x620 ./Middlewares/Third_Party/FreeRTOS/Source/timers.o
                                       0xca5a (size before relaxing)
 .debug_str     0x00000000000ce7b3      0x817 ./Middlewares/Third_Party/FreeRTOS/Source/portable/GCC/ARM_CM4F/port.o
                                       0x86a3 (size before relaxing)
 .debug_str     0x00000000000cefca      0x33b ./Middlewares/Third_Party/FreeRTOS/Source/portable/MemMang/heap_4.o
                                       0xb453 (size before relaxing)
 .debug_str     0x00000000000cf305       0x8c ./Modules/Src/IIM42652.o
                                      0xbe784 (size before relaxing)
 .debug_str     0x00000000000cf391      0x328 ./Modules/Src/MLX90393.o
                                      0xc417e (size before relaxing)

.comment        0x0000000000000000       0x53
 .comment       0x0000000000000000       0x53 ./Core/Src/freertos.o
                                         0x54 (size before relaxing)
 .comment       0x0000000000000053       0x54 ./Core/Src/gpio.o
 .comment       0x0000000000000053       0x54 ./Core/Src/i2c.o
 .comment       0x0000000000000053       0x54 ./Core/Src/main.o
 .comment       0x0000000000000053       0x54 ./Core/Src/stm32l4xx_hal_msp.o
 .comment       0x0000000000000053       0x54 ./Core/Src/stm32l4xx_it.o
 .comment       0x0000000000000053       0x54 ./Core/Src/system_stm32l4xx.o
 .comment       0x0000000000000053       0x54 ./Drivers/STM32L4xx_HAL_Driver/Src/stm32l4xx_hal.o
 .comment       0x0000000000000053       0x54 ./Drivers/STM32L4xx_HAL_Driver/Src/stm32l4xx_hal_cortex.o
 .comment       0x0000000000000053       0x54 ./Drivers/STM32L4xx_HAL_Driver/Src/stm32l4xx_hal_gpio.o
 .comment       0x0000000000000053       0x54 ./Drivers/STM32L4xx_HAL_Driver/Src/stm32l4xx_hal_i2c.o
 .comment       0x0000000000000053       0x54 ./Drivers/STM32L4xx_HAL_Driver/Src/stm32l4xx_hal_i2c_ex.o
 .comment       0x0000000000000053       0x54 ./Drivers/STM32L4xx_HAL_Driver/Src/stm32l4xx_hal_pwr_ex.o
 .comment       0x0000000000000053       0x54 ./Drivers/STM32L4xx_HAL_Driver/Src/stm32l4xx_hal_rcc.o
 .comment       0x0000000000000053       0x54 ./Drivers/STM32L4xx_HAL_Driver/Src/stm32l4xx_hal_rcc_ex.o
 .comment       0x0000000000000053       0x54 ./Middlewares/Third_Party/FreeRTOS/Source/CMSIS_RTOS_V2/cmsis_os2.o
 .comment       0x0000000000000053       0x54 ./Middlewares/Third_Party/FreeRTOS/Source/list.o
 .comment       0x0000000000000053       0x54 ./Middlewares/Third_Party/FreeRTOS/Source/queue.o
 .comment       0x0000000000000053       0x54 ./Middlewares/Third_Party/FreeRTOS/Source/tasks.o
 .comment       0x0000000000000053       0x54 ./Middlewares/Third_Party/FreeRTOS/Source/timers.o
 .comment       0x0000000000000053       0x54 ./Middlewares/Third_Party/FreeRTOS/Source/portable/GCC/ARM_CM4F/port.o
 .comment       0x0000000000000053       0x54 ./Middlewares/Third_Party/FreeRTOS/Source/portable/MemMang/heap_4.o
 .comment       0x0000000000000053       0x54 ./Modules/Src/IIM42652.o
 .comment       0x0000000000000053       0x54 ./Modules/Src/MLX90393.o

.debug_frame    0x0000000000000000     0x4a0c
 .debug_frame   0x0000000000000000       0x4c ./Core/Src/freertos.o
 .debug_frame   0x000000000000004c       0x74 ./Core/Src/gpio.o
 .debug_frame   0x00000000000000c0       0x78 ./Core/Src/i2c.o
 .debug_frame   0x0000000000000138       0xac ./Core/Src/main.o
 .debug_frame   0x00000000000001e4       0x34 ./Core/Src/stm32l4xx_hal_msp.o
 .debug_frame   0x0000000000000218       0xe0 ./Core/Src/stm32l4xx_it.o
 .debug_frame   0x00000000000002f8       0x58 ./Core/Src/system_stm32l4xx.o
 .debug_frame   0x0000000000000350      0x498 ./Drivers/STM32L4xx_HAL_Driver/Src/stm32l4xx_hal.o
 .debug_frame   0x00000000000007e8      0x498 ./Drivers/STM32L4xx_HAL_Driver/Src/stm32l4xx_hal_cortex.o
 .debug_frame   0x0000000000000c80      0x14c ./Drivers/STM32L4xx_HAL_Driver/Src/stm32l4xx_hal_gpio.o
 .debug_frame   0x0000000000000dcc      0xbe8 ./Drivers/STM32L4xx_HAL_Driver/Src/stm32l4xx_hal_i2c.o
 .debug_frame   0x00000000000019b4      0x100 ./Drivers/STM32L4xx_HAL_Driver/Src/stm32l4xx_hal_i2c_ex.o
 .debug_frame   0x0000000000001ab4      0x404 ./Drivers/STM32L4xx_HAL_Driver/Src/stm32l4xx_hal_pwr_ex.o
 .debug_frame   0x0000000000001eb8      0x1f4 ./Drivers/STM32L4xx_HAL_Driver/Src/stm32l4xx_hal_rcc.o
 .debug_frame   0x00000000000020ac      0x3d0 ./Drivers/STM32L4xx_HAL_Driver/Src/stm32l4xx_hal_rcc_ex.o
 .debug_frame   0x000000000000247c      0xbc8 ./Middlewares/Third_Party/FreeRTOS/Source/CMSIS_RTOS_V2/cmsis_os2.o
 .debug_frame   0x0000000000003044       0xd8 ./Middlewares/Third_Party/FreeRTOS/Source/list.o
 .debug_frame   0x000000000000311c      0x5ec ./Middlewares/Third_Party/FreeRTOS/Source/queue.o
 .debug_frame   0x0000000000003708      0x8f0 ./Middlewares/Third_Party/FreeRTOS/Source/tasks.o
 .debug_frame   0x0000000000003ff8      0x400 ./Middlewares/Third_Party/FreeRTOS/Source/timers.o
 .debug_frame   0x00000000000043f8      0x1a8 ./Middlewares/Third_Party/FreeRTOS/Source/portable/GCC/ARM_CM4F/port.o
 .debug_frame   0x00000000000045a0      0x12c ./Middlewares/Third_Party/FreeRTOS/Source/portable/MemMang/heap_4.o
 .debug_frame   0x00000000000046cc       0xa0 ./Modules/Src/IIM42652.o
 .debug_frame   0x000000000000476c      0x22c ./Modules/Src/MLX90393.o
 .debug_frame   0x0000000000004998       0x2c c:/st/stm32cubeide_1.7.0/stm32cubeide/plugins/com.st.stm32cube.ide.mcu.externaltools.gnu-tools-for-stm32.9-2020-q2-update.win32_2.0.0.202105311346/tools/bin/../lib/gcc/arm-none-eabi/9.3.1/../../../../arm-none-eabi/lib/thumb/v7e-m+fp/hard\libc_nano.a(lib_a-init.o)
 .debug_frame   0x00000000000049c4       0x28 c:/st/stm32cubeide_1.7.0/stm32cubeide/plugins/com.st.stm32cube.ide.mcu.externaltools.gnu-tools-for-stm32.9-2020-q2-update.win32_2.0.0.202105311346/tools/bin/../lib/gcc/arm-none-eabi/9.3.1/../../../../arm-none-eabi/lib/thumb/v7e-m+fp/hard\libc_nano.a(lib_a-memcpy-stub.o)
 .debug_frame   0x00000000000049ec       0x20 c:/st/stm32cubeide_1.7.0/stm32cubeide/plugins/com.st.stm32cube.ide.mcu.externaltools.gnu-tools-for-stm32.9-2020-q2-update.win32_2.0.0.202105311346/tools/bin/../lib/gcc/arm-none-eabi/9.3.1/../../../../arm-none-eabi/lib/thumb/v7e-m+fp/hard\libc_nano.a(lib_a-memset.o)
