stm32l4xx_it.c:76:6:NMI_Handler	4	static
stm32l4xx_it.c:91:6:HardFault_Handler	4	static
stm32l4xx_it.c:106:6:MemManage_Handler	4	static
stm32l4xx_it.c:121:6:BusFault_Handler	4	static
stm32l4xx_it.c:136:6:UsageFault_Handler	4	static
stm32l4xx_it.c:151:6:DebugMon_Handler	4	static
stm32l4xx_it.c:164:6:SysTick_Handler	8	static
stm32l4xx_it.c:193:6:TIM1_UP_TIM16_IRQHandler	8	static
stm32l4xx_it.c:209:6:I2C2_EV_IRQHandler	8	static
stm32l4xx_it.c:225:6:USART3_IRQHandler	8	static
stm32l4xx_it.c:239:6:EXTI15_10_IRQHandler	16	static
